Archive member included to satisfy reference by file (symbol)

C:/ST/STM32CubeIDE_1.17.0/STM32CubeIDE/plugins/com.st.stm32cube.ide.mcu.externaltools.gnu-tools-for-stm32.12.3.rel1.win32_1.1.0.202410251130/tools/bin/../lib/gcc/arm-none-eabi/12.3.1/../../../../arm-none-eabi/lib/thumb/v7e-m+fp/hard\libc_nano.a(libc_a-exit.o)
                              C:/ST/STM32CubeIDE_1.17.0/STM32CubeIDE/plugins/com.st.stm32cube.ide.mcu.externaltools.gnu-tools-for-stm32.12.3.rel1.win32_1.1.0.202410251130/tools/bin/../lib/gcc/arm-none-eabi/12.3.1/../../../../arm-none-eabi/lib/thumb/v7e-m+fp/hard/crt0.o (exit)
C:/ST/STM32CubeIDE_1.17.0/STM32CubeIDE/plugins/com.st.stm32cube.ide.mcu.externaltools.gnu-tools-for-stm32.12.3.rel1.win32_1.1.0.202410251130/tools/bin/../lib/gcc/arm-none-eabi/12.3.1/../../../../arm-none-eabi/lib/thumb/v7e-m+fp/hard\libc_nano.a(libc_a-findfp.o)
                              C:/ST/STM32CubeIDE_1.17.0/STM32CubeIDE/plugins/com.st.stm32cube.ide.mcu.externaltools.gnu-tools-for-stm32.12.3.rel1.win32_1.1.0.202410251130/tools/bin/../lib/gcc/arm-none-eabi/12.3.1/../../../../arm-none-eabi/lib/thumb/v7e-m+fp/hard\libc_nano.a(libc_a-exit.o) (__stdio_exit_handler)
C:/ST/STM32CubeIDE_1.17.0/STM32CubeIDE/plugins/com.st.stm32cube.ide.mcu.externaltools.gnu-tools-for-stm32.12.3.rel1.win32_1.1.0.202410251130/tools/bin/../lib/gcc/arm-none-eabi/12.3.1/../../../../arm-none-eabi/lib/thumb/v7e-m+fp/hard\libc_nano.a(libc_a-fwalk.o)
                              C:/ST/STM32CubeIDE_1.17.0/STM32CubeIDE/plugins/com.st.stm32cube.ide.mcu.externaltools.gnu-tools-for-stm32.12.3.rel1.win32_1.1.0.202410251130/tools/bin/../lib/gcc/arm-none-eabi/12.3.1/../../../../arm-none-eabi/lib/thumb/v7e-m+fp/hard\libc_nano.a(libc_a-findfp.o) (_fwalk_sglue)
C:/ST/STM32CubeIDE_1.17.0/STM32CubeIDE/plugins/com.st.stm32cube.ide.mcu.externaltools.gnu-tools-for-stm32.12.3.rel1.win32_1.1.0.202410251130/tools/bin/../lib/gcc/arm-none-eabi/12.3.1/../../../../arm-none-eabi/lib/thumb/v7e-m+fp/hard\libc_nano.a(libc_a-sprintf.o)
                              ./Core/Src/main.o (sprintf)
C:/ST/STM32CubeIDE_1.17.0/STM32CubeIDE/plugins/com.st.stm32cube.ide.mcu.externaltools.gnu-tools-for-stm32.12.3.rel1.win32_1.1.0.202410251130/tools/bin/../lib/gcc/arm-none-eabi/12.3.1/../../../../arm-none-eabi/lib/thumb/v7e-m+fp/hard\libc_nano.a(libc_a-stdio.o)
                              C:/ST/STM32CubeIDE_1.17.0/STM32CubeIDE/plugins/com.st.stm32cube.ide.mcu.externaltools.gnu-tools-for-stm32.12.3.rel1.win32_1.1.0.202410251130/tools/bin/../lib/gcc/arm-none-eabi/12.3.1/../../../../arm-none-eabi/lib/thumb/v7e-m+fp/hard\libc_nano.a(libc_a-findfp.o) (__sread)
C:/ST/STM32CubeIDE_1.17.0/STM32CubeIDE/plugins/com.st.stm32cube.ide.mcu.externaltools.gnu-tools-for-stm32.12.3.rel1.win32_1.1.0.202410251130/tools/bin/../lib/gcc/arm-none-eabi/12.3.1/../../../../arm-none-eabi/lib/thumb/v7e-m+fp/hard\libc_nano.a(libc_a-vsnprintf.o)
                              ./Drivers/VL53L0X/platform/src/vl53l0x_platform_log.o (vsnprintf)
C:/ST/STM32CubeIDE_1.17.0/STM32CubeIDE/plugins/com.st.stm32cube.ide.mcu.externaltools.gnu-tools-for-stm32.12.3.rel1.win32_1.1.0.202410251130/tools/bin/../lib/gcc/arm-none-eabi/12.3.1/../../../../arm-none-eabi/lib/thumb/v7e-m+fp/hard\libc_nano.a(libc_a-memset.o)
                              C:/ST/STM32CubeIDE_1.17.0/STM32CubeIDE/plugins/com.st.stm32cube.ide.mcu.externaltools.gnu-tools-for-stm32.12.3.rel1.win32_1.1.0.202410251130/tools/bin/../lib/gcc/arm-none-eabi/12.3.1/../../../../arm-none-eabi/lib/thumb/v7e-m+fp/hard/crt0.o (memset)
C:/ST/STM32CubeIDE_1.17.0/STM32CubeIDE/plugins/com.st.stm32cube.ide.mcu.externaltools.gnu-tools-for-stm32.12.3.rel1.win32_1.1.0.202410251130/tools/bin/../lib/gcc/arm-none-eabi/12.3.1/../../../../arm-none-eabi/lib/thumb/v7e-m+fp/hard\libc_nano.a(libc_a-closer.o)
                              C:/ST/STM32CubeIDE_1.17.0/STM32CubeIDE/plugins/com.st.stm32cube.ide.mcu.externaltools.gnu-tools-for-stm32.12.3.rel1.win32_1.1.0.202410251130/tools/bin/../lib/gcc/arm-none-eabi/12.3.1/../../../../arm-none-eabi/lib/thumb/v7e-m+fp/hard\libc_nano.a(libc_a-stdio.o) (_close_r)
C:/ST/STM32CubeIDE_1.17.0/STM32CubeIDE/plugins/com.st.stm32cube.ide.mcu.externaltools.gnu-tools-for-stm32.12.3.rel1.win32_1.1.0.202410251130/tools/bin/../lib/gcc/arm-none-eabi/12.3.1/../../../../arm-none-eabi/lib/thumb/v7e-m+fp/hard\libc_nano.a(libc_a-reent.o)
                              C:/ST/STM32CubeIDE_1.17.0/STM32CubeIDE/plugins/com.st.stm32cube.ide.mcu.externaltools.gnu-tools-for-stm32.12.3.rel1.win32_1.1.0.202410251130/tools/bin/../lib/gcc/arm-none-eabi/12.3.1/../../../../arm-none-eabi/lib/thumb/v7e-m+fp/hard\libc_nano.a(libc_a-closer.o) (errno)
C:/ST/STM32CubeIDE_1.17.0/STM32CubeIDE/plugins/com.st.stm32cube.ide.mcu.externaltools.gnu-tools-for-stm32.12.3.rel1.win32_1.1.0.202410251130/tools/bin/../lib/gcc/arm-none-eabi/12.3.1/../../../../arm-none-eabi/lib/thumb/v7e-m+fp/hard\libc_nano.a(libc_a-impure.o)
[...]
Memory Configuration

Name             Origin             Length             Attributes
RAM              0x20000000         0x00020000         xrw
RAM2             0x10000000         0x00008000         xrw
FLASH            0x08000000         0x00080000         xr
*default*        0x00000000         0xffffffff

Linker script and memory map

LOAD C:/ST/STM32CubeIDE_1.17.0/STM32CubeIDE/plugins/com.st.stm32cube.ide.mcu.externaltools.gnu-tools-for-stm32.12.3.rel1.win32_1.1.0.202410251130/tools/bin/../lib/gcc/arm-none-eabi/12.3.1/thumb/v7e-m+fp/hard/crti.o
LOAD C:/ST/STM32CubeIDE_1.17.0/STM32CubeIDE/plugins/com.st.stm32cube.ide.mcu.externaltools.gnu-tools-for-stm32.12.3.rel1.win32_1.1.0.202410251130/tools/bin/../lib/gcc/arm-none-eabi/12.3.1/thumb/v7e-m+fp/hard/crtbegin.o
LOAD C:/ST/STM32CubeIDE_1.17.0/STM32CubeIDE/plugins/com.st.stm32cube.ide.mcu.externaltools.gnu-tools-for-stm32.12.3.rel1.win32_1.1.0.202410251130/tools/bin/../lib/gcc/arm-none-eabi/12.3.1/../../../../arm-none-eabi/lib/thumb/v7e-m+fp/hard/crt0.o
LOAD ./Core/Src/main.o
LOAD ./Core/Src/stm32l4xx_hal_msp.o
LOAD ./Core/Src/stm32l4xx_it.o
LOAD ./Core/Src/syscalls.o
LOAD ./Core/Src/sysmem.o
LOAD ./Core/Src/system_stm32l4xx.o
LOAD ./Core/Startup/startup_stm32l452retx.o
LOAD ./Drivers/STM32L4xx_HAL_Driver/Src/stm32l4xx_hal.o
LOAD ./Drivers/STM32L4xx_HAL_Driver/Src/stm32l4xx_hal_cortex.o
LOAD ./Drivers/STM32L4xx_HAL_Driver/Src/stm32l4xx_hal_dma.o
LOAD ./Drivers/STM32L4xx_HAL_Driver/Src/stm32l4xx_hal_dma_ex.o
LOAD ./Drivers/STM32L4xx_HAL_Driver/Src/stm32l4xx_hal_exti.o
LOAD ./Drivers/STM32L4xx_HAL_Driver/Src/stm32l4xx_hal_flash.o
LOAD ./Drivers/STM32L4xx_HAL_Driver/Src/stm32l4xx_hal_flash_ex.o
LOAD ./Drivers/STM32L4xx_HAL_Driver/Src/stm32l4xx_hal_flash_ramfunc.o
LOAD ./Drivers/STM32L4xx_HAL_Driver/Src/stm32l4xx_hal_gpio.o
LOAD ./Drivers/STM32L4xx_HAL_Driver/Src/stm32l4xx_hal_i2c.o
LOAD ./Drivers/STM32L4xx_HAL_Driver/Src/stm32l4xx_hal_i2c_ex.o
LOAD ./Drivers/STM32L4xx_HAL_Driver/Src/stm32l4xx_hal_pwr.o
LOAD ./Drivers/STM32L4xx_HAL_Driver/Src/stm32l4xx_hal_pwr_ex.o
LOAD ./Drivers/STM32L4xx_HAL_Driver/Src/stm32l4xx_hal_rcc.o
LOAD ./Drivers/STM32L4xx_HAL_Driver/Src/stm32l4xx_hal_rcc_ex.o
LOAD ./Drivers/STM32L4xx_HAL_Driver/Src/stm32l4xx_hal_uart.o
LOAD ./Drivers/STM32L4xx_HAL_Driver/Src/stm32l4xx_hal_uart_ex.o
LOAD ./Drivers/VL53L0X/core/src/vl53l0x.o
LOAD ./Drivers/VL53L0X/core/src/vl53l0x_api.o
LOAD ./Drivers/VL53L0X/core/src/vl53l0x_api_calibration.o
LOAD ./Drivers/VL53L0X/core/src/vl53l0x_api_core.o
LOAD ./Drivers/VL53L0X/core/src/vl53l0x_api_ranging.o
LOAD ./Drivers/VL53L0X/core/src/vl53l0x_api_strings.o
LOAD ./Drivers/VL53L0X/platform/src/vl53l0x_platform.o
LOAD ./Drivers/VL53L0X/platform/src/vl53l0x_platform_log.o
START GROUP
LOAD C:/ST/STM32CubeIDE_1.17.0/STM32CubeIDE/plugins/com.st.stm32cube.ide.mcu.externaltools.gnu-tools-for-stm32.12.3.rel1.win32_1.1.0.202410251130/tools/bin/../lib/gcc/arm-none-eabi/12.3.1/../../../../arm-none-eabi/lib/thumb/v7e-m+fp/hard\libc_nano.a
LOAD C:/ST/STM32CubeIDE_1.17.0/STM32CubeIDE/plugins/com.st.stm32cube.ide.mcu.externaltools.gnu-tools-for-stm32.12.3.rel1.win32_1.1.0.202410251130/tools/bin/../lib/gcc/arm-none-eabi/12.3.1/../../../../arm-none-eabi/lib/thumb/v7e-m+fp/hard\libm.a
END GROUP
START GROUP
LOAD C:/ST/STM32CubeIDE_1.17.0/STM32CubeIDE/plugins/com.st.stm32cube.ide.mcu.externaltools.gnu-tools-for-stm32.12.3.rel1.win32_1.1.0.202410251130/tools/bin/../lib/gcc/arm-none-eabi/12.3.1/thumb/v7e-m+fp/hard\libgcc.a
LOAD C:/ST/STM32CubeIDE_1.17.0/STM32CubeIDE/plugins/com.st.stm32cube.ide.mcu.externaltools.gnu-tools-for-stm32.12.3.rel1.win32_1.1.0.202410251130/tools/bin/../lib/gcc/arm-none-eabi/12.3.1/../../../../arm-none-eabi/lib/thumb/v7e-m+fp/hard\libc_nano.a
END GROUP
START GROUP
LOAD C:/ST/STM32CubeIDE_1.17.0/STM32CubeIDE/plugins/com.st.stm32cube.ide.mcu.externaltools.gnu-tools-for-stm32.12.3.rel1.win32_1.1.0.202410251130/tools/bin/../lib/gcc/arm-none-eabi/12.3.1/thumb/v7e-m+fp/hard\libgcc.a
LOAD C:/ST/STM32CubeIDE_1.17.0/STM32CubeIDE/plugins/com.st.stm32cube.ide.mcu.externaltools.gnu-tools-for-stm32.12.3.rel1.win32_1.1.0.202410251130/tools/bin/../lib/gcc/arm-none-eabi/12.3.1/../../../../arm-none-eabi/lib/thumb/v7e-m+fp/hard\libc_nano.a
LOAD C:/ST/STM32CubeIDE_1.17.0/STM32CubeIDE/plugins/com.st.stm32cube.ide.mcu.externaltools.gnu-tools-for-stm32.12.3.rel1.win32_1.1.0.202410251130/tools/bin/../lib/gcc/arm-none-eabi/12.3.1/../../../../arm-none-eabi/lib/thumb/v7e-m+fp/hard\libnosys.a
END GROUP
START GROUP
LOAD C:/ST/STM32CubeIDE_1.17.0/STM32CubeIDE/plugins/com.st.stm32cube.ide.mcu.externaltools.gnu-tools-for-stm32.12.3.rel1.win32_1.1.0.202410251130/tools/bin/../lib/gcc/arm-none-eabi/12.3.1/thumb/v7e-m+fp/hard\libgcc.a
LOAD C:/ST/STM32CubeIDE_1.17.0/STM32CubeIDE/plugins/com.st.stm32cube.ide.mcu.externaltools.gnu-tools-for-stm32.12.3.rel1.win32_1.1.0.202410251130/tools/bin/../lib/gcc/arm-none-eabi/12.3.1/../../../../arm-none-eabi/lib/thumb/v7e-m+fp/hard\libc_nano.a
LOAD C:/ST/STM32CubeIDE_1.17.0/STM32CubeIDE/plugins/com.st.stm32cube.ide.mcu.externaltools.gnu-tools-for-stm32.12.3.rel1.win32_1.1.0.202410251130/tools/bin/../lib/gcc/arm-none-eabi/12.3.1/../../../../arm-none-eabi/lib/thumb/v7e-m+fp/hard\libnosys.a
END GROUP
LOAD C:/ST/STM32CubeIDE_1.17.0/STM32CubeIDE/plugins/com.st.stm32cube.ide.mcu.externaltools.gnu-tools-for-stm32.12.3.rel1.win32_1.1.0.202410251130/tools/bin/../lib/gcc/arm-none-eabi/12.3.1/thumb/v7e-m+fp/hard/crtend.o
LOAD C:/ST/STM32CubeIDE_1.17.0/STM32CubeIDE/plugins/com.st.stm32cube.ide.mcu.externaltools.gnu-tools-for-stm32.12.3.rel1.win32_1.1.0.202410251130/tools/bin/../lib/gcc/arm-none-eabi/12.3.1/thumb/v7e-m+fp/hard/crtn.o
                0x20020000                        _estack = (ORIGIN (RAM) + LENGTH (RAM))
                0x00000200                        _Min_Heap_Size = 0x200
                0x00000400                        _Min_Stack_Size = 0x400

.isr_vector     0x08000000      0x194
                0x08000000                        . = ALIGN (0x4)
 *(.isr_vector)
 .isr_vector    0x08000000      0x194 ./Core/Startup/startup_stm32l452retx.o
                0x08000000                g_pfnVectors
                0x08000194                        . = ALIGN (0x4)

.text           0x080001a0     0x9880
                0x080001a0                        . = ALIGN (0x4)
 *(.text)
 .text          0x080001a0       0x40 C:/ST/STM32CubeIDE_1.17.0/STM32CubeIDE/plugins/com.st.stm32cube.ide.mcu.externaltools.gnu-tools-for-stm32.12.3.rel1.win32_1.1.0.202410251130/tools/bin/../lib/gcc/arm-none-eabi/12.3.1/thumb/v7e-m+fp/hard/crtbegin.o
 .text          0x080001e0       0xa0 C:/ST/STM32CubeIDE_1.17.0/STM32CubeIDE/plugins/com.st.stm32cube.ide.mcu.externaltools.gnu-tools-for-stm32.12.3.rel1.win32_1.1.0.202410251130/tools/bin/../lib/gcc/arm-none-eabi/12.3.1/../../../../arm-none-eabi/lib/thumb/v7e-m+fp/hard\libc_nano.a(libc_a-memchr.o)
                0x080001e0                memchr
 .text          0x08000280       0x30 C:/ST/STM32CubeIDE_1.17.0/STM32CubeIDE/plugins/com.st.stm32cube.ide.mcu.externaltools.gnu-tools-for-stm32.12.3.rel1.win32_1.1.0.202410251130/tools/bin/../lib/gcc/arm-none-eabi/12.3.1/thumb/v7e-m+fp/hard\libgcc.a(_aeabi_uldivmod.o)
                0x08000280                __aeabi_uldivmod
 .text          0x080002b0      0x2bc C:/ST/STM32CubeIDE_1.17.0/STM32CubeIDE/plugins/com.st.stm32cube.ide.mcu.externaltools.gnu-tools-for-stm32.12.3.rel1.win32_1.1.0.202410251130/tools/bin/../lib/gcc/arm-none-eabi/12.3.1/thumb/v7e-m+fp/hard\libgcc.a(_udivmoddi4.o)
                0x080002b0                __udivmoddi4
 .text          0x0800056c        0x4 C:/ST/STM32CubeIDE_1.17.0/STM32CubeIDE/plugins/com.st.stm32cube.ide.mcu.externaltools.gnu-tools-for-stm32.12.3.rel1.win32_1.1.0.202410251130/tools/bin/../lib/gcc/arm-none-eabi/12.3.1/thumb/v7e-m+fp/hard\libgcc.a(_dvmd_tls.o)
                0x0800056c                __aeabi_idiv0
                0x0800056c                __aeabi_ldiv0
 *(.text*)
 .text.HAL_GPIO_EXTI_Callback
                0x08000570       0x7c ./Core/Src/main.o
                0x08000570                HAL_GPIO_EXTI_Callback
 .text.main     0x080005ec      0x154 ./Core/Src/main.o
                0x080005ec                main
 .text.SystemClock_Config
                0x08000740       0xa2 ./Core/Src/main.o
                0x08000740                SystemClock_Config
 *fill*         0x080007e2        0x2 
 .text.MX_I2C1_Init
                0x080007e4       0x80 ./Core/Src/main.o
 .text.MX_USART2_UART_Init
                0x08000864       0x60 ./Core/Src/main.o
 .text.MX_GPIO_Init
                0x080008c4      0x118 ./Core/Src/main.o
 .text.Error_Handler
                0x080009dc        0xc ./Core/Src/main.o
                0x080009dc                Error_Handler
 .text.HAL_MspInit
                0x080009e8       0x48 ./Core/Src/stm32l4xx_hal_msp.o
                0x080009e8                HAL_MspInit
 .text.HAL_I2C_MspInit
                0x08000a30       0xb8 ./Core/Src/stm32l4xx_hal_msp.o
                0x08000a30                HAL_I2C_MspInit
 .text.HAL_UART_MspInit
                0x08000ae8       0xb8 ./Core/Src/stm32l4xx_hal_msp.o
                0x08000ae8                HAL_UART_MspInit
 .text.NMI_Handler
                0x08000ba0        0x8 ./Core/Src/stm32l4xx_it.o
                0x08000ba0                NMI_Handler
 .text.HardFault_Handler
                0x08000ba8        0x8 ./Core/Src/stm32l4xx_it.o
                0x08000ba8                HardFault_Handler
 .text.MemManage_Handler
                0x08000bb0        0x8 ./Core/Src/stm32l4xx_it.o
                0x08000bb0                MemManage_Handler
 .text.BusFault_Handler
                0x08000bb8        0x8 ./Core/Src/stm32l4xx_it.o
                0x08000bb8                BusFault_Handler
 .text.UsageFault_Handler
                0x08000bc0        0x8 ./Core/Src/stm32l4xx_it.o
                0x08000bc0                UsageFault_Handler
 .text.SVC_Handler
                0x08000bc8        0xe ./Core/Src/stm32l4xx_it.o
                0x08000bc8                SVC_Handler
 .text.DebugMon_Handler
                0x08000bd6        0xe ./Core/Src/stm32l4xx_it.o
                0x08000bd6                DebugMon_Handler
 .text.PendSV_Handler
                0x08000be4        0xe ./Core/Src/stm32l4xx_it.o
                0x08000be4                PendSV_Handler
 .text.SysTick_Handler
                0x08000bf2        0xc ./Core/Src/stm32l4xx_it.o
                0x08000bf2                SysTick_Handler
 .text.EXTI15_10_IRQHandler
                0x08000bfe       0x18 ./Core/Src/stm32l4xx_it.o
                0x08000bfe                EXTI15_10_IRQHandler
 *fill*         0x08000c16        0x2 
 .text._sbrk    0x08000c18       0x6c ./Core/Src/sysmem.o
                0x08000c18                _sbrk
 .text.SystemInit
                0x08000c84       0x24 ./Core/Src/system_stm32l4xx.o
                0x08000c84                SystemInit
 .text.Reset_Handler
                0x08000ca8       0x50 ./Core/Startup/startup_stm32l452retx.o
                0x08000ca8                Reset_Handler
 .text.Default_Handler
                0x08000cf8        0x2 ./Core/Startup/startup_stm32l452retx.o
                0x08000cf8                RTC_Alarm_IRQHandler
                0x08000cf8                EXTI2_IRQHandler
                0x08000cf8                TIM1_CC_IRQHandler
                0x08000cf8                TSC_IRQHandler
                0x08000cf8                TAMP_STAMP_IRQHandler
                0x08000cf8                EXTI3_IRQHandler
                0x08000cf8                LPTIM2_IRQHandler
                0x08000cf8                DFSDM1_FLT1_IRQHandler
                0x08000cf8                I2C3_ER_IRQHandler
                0x08000cf8                EXTI0_IRQHandler
                0x08000cf8                I2C2_EV_IRQHandler
                0x08000cf8                CAN1_RX0_IRQHandler
                0x08000cf8                FPU_IRQHandler
                0x08000cf8                TIM1_UP_TIM16_IRQHandler
                0x08000cf8                SPI1_IRQHandler
                0x08000cf8                TIM6_DAC_IRQHandler
                0x08000cf8                DMA2_Channel2_IRQHandler
                0x08000cf8                DMA1_Channel4_IRQHandler
                0x08000cf8                ADC1_IRQHandler
                0x08000cf8                USART3_IRQHandler
                0x08000cf8                DMA1_Channel7_IRQHandler
                0x08000cf8                CAN1_RX1_IRQHandler
                0x08000cf8                DMA2_Channel1_IRQHandler
                0x08000cf8                QUADSPI_IRQHandler
                0x08000cf8                I2C1_EV_IRQHandler
                0x08000cf8                DMA1_Channel6_IRQHandler
                0x08000cf8                UART4_IRQHandler
                0x08000cf8                DMA2_Channel4_IRQHandler
                0x08000cf8                TIM3_IRQHandler
                0x08000cf8                RCC_IRQHandler
                0x08000cf8                TIM1_TRG_COM_IRQHandler
                0x08000cf8                DMA1_Channel1_IRQHandler
                0x08000cf8                Default_Handler
                0x08000cf8                DMA2_Channel7_IRQHandler
                0x08000cf8                SDMMC1_IRQHandler
                0x08000cf8                I2C3_EV_IRQHandler
                0x08000cf8                USB_IRQHandler
                0x08000cf8                EXTI9_5_IRQHandler
                0x08000cf8                RTC_WKUP_IRQHandler
                0x08000cf8                PVD_PVM_IRQHandler
                0x08000cf8                SPI2_IRQHandler
                0x08000cf8                CAN1_TX_IRQHandler
                0x08000cf8                DMA2_Channel5_IRQHandler
                0x08000cf8                CRS_IRQHandler
                0x08000cf8                DMA1_Channel5_IRQHandler
                0x08000cf8                EXTI4_IRQHandler
                0x08000cf8                RNG_IRQHandler
                0x08000cf8                DMA1_Channel3_IRQHandler
                0x08000cf8                COMP_IRQHandler
                0x08000cf8                WWDG_IRQHandler
                0x08000cf8                I2C4_EV_IRQHandler
                0x08000cf8                LPUART1_IRQHandler
                0x08000cf8                DMA2_Channel6_IRQHandler
                0x08000cf8                TIM2_IRQHandler
                0x08000cf8                EXTI1_IRQHandler
                0x08000cf8                USART2_IRQHandler
                0x08000cf8                DFSDM1_FLT0_IRQHandler
                0x08000cf8                I2C2_ER_IRQHandler
                0x08000cf8                DMA1_Channel2_IRQHandler
                0x08000cf8                CAN1_SCE_IRQHandler
                0x08000cf8                FLASH_IRQHandler
                0x08000cf8                USART1_IRQHandler
                0x08000cf8                SPI3_IRQHandler
                0x08000cf8                I2C1_ER_IRQHandler
                0x08000cf8                LPTIM1_IRQHandler
                0x08000cf8                I2C4_ER_IRQHandler
                0x08000cf8                SAI1_IRQHandler
                0x08000cf8                DMA2_Channel3_IRQHandler
                0x08000cf8                TIM1_BRK_TIM15_IRQHandler
 *fill*         0x08000cfa        0x2 
 .text.HAL_Init
                0x08000cfc       0x40 ./Drivers/STM32L4xx_HAL_Driver/Src/stm32l4xx_hal.o
                0x08000cfc                HAL_Init
 .text.HAL_InitTick
                0x08000d3c       0x78 ./Drivers/STM32L4xx_HAL_Driver/Src/stm32l4xx_hal.o
                0x08000d3c                HAL_InitTick
 .text.HAL_IncTick
                0x08000db4       0x28 ./Drivers/STM32L4xx_HAL_Driver/Src/stm32l4xx_hal.o
                0x08000db4                HAL_IncTick
 .text.HAL_GetTick
                0x08000ddc       0x18 ./Drivers/STM32L4xx_HAL_Driver/Src/stm32l4xx_hal.o
                0x08000ddc                HAL_GetTick
 .text.HAL_Delay
                0x08000df4       0x48 ./Drivers/STM32L4xx_HAL_Driver/Src/stm32l4xx_hal.o
                0x08000df4                HAL_Delay
 .text.HAL_SuspendTick
                0x08000e3c       0x20 ./Drivers/STM32L4xx_HAL_Driver/Src/stm32l4xx_hal.o
                0x08000e3c                HAL_SuspendTick
 .text.__NVIC_SetPriorityGrouping
                0x08000e5c       0x48 ./Drivers/STM32L4xx_HAL_Driver/Src/stm32l4xx_hal_cortex.o
 .text.__NVIC_GetPriorityGrouping
                0x08000ea4       0x1c ./Drivers/STM32L4xx_HAL_Driver/Src/stm32l4xx_hal_cortex.o
 .text.__NVIC_EnableIRQ
                0x08000ec0       0x3c ./Drivers/STM32L4xx_HAL_Driver/Src/stm32l4xx_hal_cortex.o
 .text.__NVIC_SetPriority
                0x08000efc       0x54 ./Drivers/STM32L4xx_HAL_Driver/Src/stm32l4xx_hal_cortex.o
 .text.NVIC_EncodePriority
                0x08000f50       0x66 ./Drivers/STM32L4xx_HAL_Driver/Src/stm32l4xx_hal_cortex.o
 *fill*         0x08000fb6        0x2 
 .text.SysTick_Config
                0x08000fb8       0x44 ./Drivers/STM32L4xx_HAL_Driver/Src/stm32l4xx_hal_cortex.o
 .text.HAL_NVIC_SetPriorityGrouping
                0x08000ffc       0x16 ./Drivers/STM32L4xx_HAL_Driver/Src/stm32l4xx_hal_cortex.o
                0x08000ffc                HAL_NVIC_SetPriorityGrouping
 .text.HAL_NVIC_SetPriority
                0x08001012       0x38 ./Drivers/STM32L4xx_HAL_Driver/Src/stm32l4xx_hal_cortex.o
                0x08001012                HAL_NVIC_SetPriority
 .text.HAL_NVIC_EnableIRQ
                0x0800104a       0x1c ./Drivers/STM32L4xx_HAL_Driver/Src/stm32l4xx_hal_cortex.o
                0x0800104a                HAL_NVIC_EnableIRQ
 .text.HAL_SYSTICK_Config
                0x08001066       0x18 ./Drivers/STM32L4xx_HAL_Driver/Src/stm32l4xx_hal_cortex.o
                0x08001066                HAL_SYSTICK_Config
 *fill*         0x0800107e        0x2 
 .text.HAL_GPIO_Init
                0x08001080      0x2f4 ./Drivers/STM32L4xx_HAL_Driver/Src/stm32l4xx_hal_gpio.o
                0x08001080                HAL_GPIO_Init
 .text.HAL_GPIO_WritePin
                0x08001374       0x30 ./Drivers/STM32L4xx_HAL_Driver/Src/stm32l4xx_hal_gpio.o
                0x08001374                HAL_GPIO_WritePin
 .text.HAL_GPIO_TogglePin
                0x080013a4       0x34 ./Drivers/STM32L4xx_HAL_Driver/Src/stm32l4xx_hal_gpio.o
                0x080013a4                HAL_GPIO_TogglePin
 .text.HAL_GPIO_EXTI_IRQHandler
                0x080013d8       0x30 ./Drivers/STM32L4xx_HAL_Driver/Src/stm32l4xx_hal_gpio.o
                0x080013d8                HAL_GPIO_EXTI_IRQHandler
 .text.HAL_I2C_Init
                0x08001408      0x136 ./Drivers/STM32L4xx_HAL_Driver/Src/stm32l4xx_hal_i2c.o
                0x08001408                HAL_I2C_Init
 *fill*         0x0800153e        0x2 
 .text.HAL_I2C_Master_Transmit
                0x08001540      0x230 ./Drivers/STM32L4xx_HAL_Driver/Src/stm32l4xx_hal_i2c.o
                0x08001540                HAL_I2C_Master_Transmit
 .text.HAL_I2C_Master_Receive
                0x08001770      0x1ec ./Drivers/STM32L4xx_HAL_Driver/Src/stm32l4xx_hal_i2c.o
                0x08001770                HAL_I2C_Master_Receive
 .text.I2C_Flush_TXDR
                0x0800195c       0x48 ./Drivers/STM32L4xx_HAL_Driver/Src/stm32l4xx_hal_i2c.o
 .text.I2C_WaitOnFlagUntilTimeout
                0x080019a4       0xb2 ./Drivers/STM32L4xx_HAL_Driver/Src/stm32l4xx_hal_i2c.o
 .text.I2C_WaitOnTXISFlagUntilTimeout
                0x08001a56       0x8e ./Drivers/STM32L4xx_HAL_Driver/Src/stm32l4xx_hal_i2c.o
 .text.I2C_WaitOnSTOPFlagUntilTimeout
                0x08001ae4       0x86 ./Drivers/STM32L4xx_HAL_Driver/Src/stm32l4xx_hal_i2c.o
 *fill*         0x08001b6a        0x2 
 .text.I2C_WaitOnRXNEFlagUntilTimeout
                0x08001b6c      0x118 ./Drivers/STM32L4xx_HAL_Driver/Src/stm32l4xx_hal_i2c.o
 .text.I2C_IsErrorOccurred
                0x08001c84      0x1c0 ./Drivers/STM32L4xx_HAL_Driver/Src/stm32l4xx_hal_i2c.o
 .text.I2C_TransferConfig
                0x08001e44       0x64 ./Drivers/STM32L4xx_HAL_Driver/Src/stm32l4xx_hal_i2c.o
 .text.HAL_I2CEx_ConfigAnalogFilter
                0x08001ea8       0x96 ./Drivers/STM32L4xx_HAL_Driver/Src/stm32l4xx_hal_i2c_ex.o
                0x08001ea8                HAL_I2CEx_ConfigAnalogFilter
 .text.HAL_I2CEx_ConfigDigitalFilter
                0x08001f3e       0x98 ./Drivers/STM32L4xx_HAL_Driver/Src/stm32l4xx_hal_i2c_ex.o
                0x08001f3e                HAL_I2CEx_ConfigDigitalFilter
 *fill*         0x08001fd6        0x2 
 .text.HAL_PWR_EnterSLEEPMode
                0x08001fd8       0x68 ./Drivers/STM32L4xx_HAL_Driver/Src/stm32l4xx_hal_pwr.o
                0x08001fd8                HAL_PWR_EnterSLEEPMode
 .text.HAL_PWR_EnableSleepOnExit
                0x08002040       0x20 ./Drivers/STM32L4xx_HAL_Driver/Src/stm32l4xx_hal_pwr.o
                0x08002040                HAL_PWR_EnableSleepOnExit
 .text.HAL_PWREx_GetVoltageRange
                0x08002060       0x1c ./Drivers/STM32L4xx_HAL_Driver/Src/stm32l4xx_hal_pwr_ex.o
                0x08002060                HAL_PWREx_GetVoltageRange
 .text.HAL_PWREx_ControlVoltageScaling
                0x0800207c       0xac ./Drivers/STM32L4xx_HAL_Driver/Src/stm32l4xx_hal_pwr_ex.o
                0x0800207c                HAL_PWREx_ControlVoltageScaling
 .text.HAL_PWREx_EnableLowPowerRunMode
                0x08002128       0x20 ./Drivers/STM32L4xx_HAL_Driver/Src/stm32l4xx_hal_pwr_ex.o
                0x08002128                HAL_PWREx_EnableLowPowerRunMode
 .text.HAL_PWREx_DisableLowPowerRunMode
                0x08002148       0x70 ./Drivers/STM32L4xx_HAL_Driver/Src/stm32l4xx_hal_pwr_ex.o
                0x08002148                HAL_PWREx_DisableLowPowerRunMode
 .text.HAL_RCC_OscConfig
                0x080021b8      0x828 ./Drivers/STM32L4xx_HAL_Driver/Src/stm32l4xx_hal_rcc.o
                0x080021b8                HAL_RCC_OscConfig
 .text.HAL_RCC_ClockConfig
                0x080029e0      0x200 ./Drivers/STM32L4xx_HAL_Driver/Src/stm32l4xx_hal_rcc.o
                0x080029e0                HAL_RCC_ClockConfig
 .text.HAL_RCC_GetSysClockFreq
                0x08002be0      0x118 ./Drivers/STM32L4xx_HAL_Driver/Src/stm32l4xx_hal_rcc.o
                0x08002be0                HAL_RCC_GetSysClockFreq
 .text.HAL_RCC_GetHCLKFreq
                0x08002cf8       0x18 ./Drivers/STM32L4xx_HAL_Driver/Src/stm32l4xx_hal_rcc.o
                0x08002cf8                HAL_RCC_GetHCLKFreq
 .text.HAL_RCC_GetPCLK1Freq
                0x08002d10       0x2c ./Drivers/STM32L4xx_HAL_Driver/Src/stm32l4xx_hal_rcc.o
                0x08002d10                HAL_RCC_GetPCLK1Freq
 .text.HAL_RCC_GetPCLK2Freq
                0x08002d3c       0x2c ./Drivers/STM32L4xx_HAL_Driver/Src/stm32l4xx_hal_rcc.o
                0x08002d3c                HAL_RCC_GetPCLK2Freq
 .text.RCC_SetFlashLatencyFromMSIRange
                0x08002d68       0xc0 ./Drivers/STM32L4xx_HAL_Driver/Src/stm32l4xx_hal_rcc.o
 .text.HAL_RCCEx_PeriphCLKConfig
                0x08002e28      0x4d8 ./Drivers/STM32L4xx_HAL_Driver/Src/stm32l4xx_hal_rcc_ex.o
                0x08002e28                HAL_RCCEx_PeriphCLKConfig
 .text.RCCEx_PLLSAI1_Config
                0x08003300      0x1e4 ./Drivers/STM32L4xx_HAL_Driver/Src/stm32l4xx_hal_rcc_ex.o
 .text.HAL_UART_Init
                0x080034e4       0x9c ./Drivers/STM32L4xx_HAL_Driver/Src/stm32l4xx_hal_uart.o
                0x080034e4                HAL_UART_Init
 .text.HAL_UART_Transmit
                0x08003580      0x112 ./Drivers/STM32L4xx_HAL_Driver/Src/stm32l4xx_hal_uart.o
                0x08003580                HAL_UART_Transmit
 *fill*         0x08003692        0x2 
 .text.UART_SetConfig
                0x08003694      0x50c ./Drivers/STM32L4xx_HAL_Driver/Src/stm32l4xx_hal_uart.o
                0x08003694                UART_SetConfig
 .text.UART_AdvFeatureConfig
                0x08003ba0      0x144 ./Drivers/STM32L4xx_HAL_Driver/Src/stm32l4xx_hal_uart.o
                0x08003ba0                UART_AdvFeatureConfig
 .text.UART_CheckIdleState
                0x08003ce4      0x150 ./Drivers/STM32L4xx_HAL_Driver/Src/stm32l4xx_hal_uart.o
                0x08003ce4                UART_CheckIdleState
 .text.UART_WaitOnFlagUntilTimeout
                0x08003e34       0xda ./Drivers/STM32L4xx_HAL_Driver/Src/stm32l4xx_hal_uart.o
                0x08003e34                UART_WaitOnFlagUntilTimeout
 .text.UART_EndRxTransfer
                0x08003f0e       0xc8 ./Drivers/STM32L4xx_HAL_Driver/Src/stm32l4xx_hal_uart.o
 .text.VL53L0X_GetOffsetCalibrationDataMicroMeter
                0x08003fd6       0x26 ./Drivers/VL53L0X/core/src/vl53l0x_api.o
                0x08003fd6                VL53L0X_GetOffsetCalibrationDataMicroMeter
 .text.VL53L0X_DataInit
                0x08003ffc      0x2c8 ./Drivers/VL53L0X/core/src/vl53l0x_api.o
                0x08003ffc                VL53L0X_DataInit
 .text.VL53L0X_StaticInit
                0x080042c4      0x300 ./Drivers/VL53L0X/core/src/vl53l0x_api.o
                0x080042c4                VL53L0X_StaticInit
 .text.VL53L0X_WaitDeviceBooted
                0x080045c4       0x1c ./Drivers/VL53L0X/core/src/vl53l0x_api.o
                0x080045c4                VL53L0X_WaitDeviceBooted
 .text.VL53L0X_GetDeviceParameters
                0x080045e0      0x120 ./Drivers/VL53L0X/core/src/vl53l0x_api.o
                0x080045e0                VL53L0X_GetDeviceParameters
 .text.VL53L0X_SetDeviceMode
                0x08004700       0x58 ./Drivers/VL53L0X/core/src/vl53l0x_api.o
                0x08004700                VL53L0X_SetDeviceMode
 .text.VL53L0X_GetDeviceMode
                0x08004758       0x26 ./Drivers/VL53L0X/core/src/vl53l0x_api.o
                0x08004758                VL53L0X_GetDeviceMode
 .text.VL53L0X_GetFractionEnable
                0x0800477e       0x3e ./Drivers/VL53L0X/core/src/vl53l0x_api.o
                0x0800477e                VL53L0X_GetFractionEnable
 .text.VL53L0X_SetMeasurementTimingBudgetMicroSeconds
                0x080047bc       0x26 ./Drivers/VL53L0X/core/src/vl53l0x_api.o
                0x080047bc                VL53L0X_SetMeasurementTimingBudgetMicroSeconds
 .text.VL53L0X_GetMeasurementTimingBudgetMicroSeconds
                0x080047e2       0x26 ./Drivers/VL53L0X/core/src/vl53l0x_api.o
                0x080047e2                VL53L0X_GetMeasurementTimingBudgetMicroSeconds
 .text.VL53L0X_SetVcselPulsePeriod
                0x08004808       0x30 ./Drivers/VL53L0X/core/src/vl53l0x_api.o
                0x08004808                VL53L0X_SetVcselPulsePeriod
 .text.VL53L0X_GetVcselPulsePeriod
                0x08004838       0x2e ./Drivers/VL53L0X/core/src/vl53l0x_api.o
                0x08004838                VL53L0X_GetVcselPulsePeriod
 *fill*         0x08004866        0x2 
 .text.VL53L0X_SetSequenceStepEnable
                0x08004868      0x140 ./Drivers/VL53L0X/core/src/vl53l0x_api.o
                0x08004868                VL53L0X_SetSequenceStepEnable
 .text.sequence_step_enabled
                0x080049a8       0xa4 ./Drivers/VL53L0X/core/src/vl53l0x_api.o
                0x080049a8                sequence_step_enabled
 .text.VL53L0X_GetSequenceStepEnables
                0x08004a4c       0xb0 ./Drivers/VL53L0X/core/src/vl53l0x_api.o
                0x08004a4c                VL53L0X_GetSequenceStepEnables
 .text.VL53L0X_GetInterMeasurementPeriodMilliSeconds
                0x08004afc       0x68 ./Drivers/VL53L0X/core/src/vl53l0x_api.o
                0x08004afc                VL53L0X_GetInterMeasurementPeriodMilliSeconds
 .text.VL53L0X_GetXTalkCompensationEnable
                0x08004b64       0x2a ./Drivers/VL53L0X/core/src/vl53l0x_api.o
                0x08004b64                VL53L0X_GetXTalkCompensationEnable
 .text.VL53L0X_GetXTalkCompensationRateMegaCps
                0x08004b8e       0x66 ./Drivers/VL53L0X/core/src/vl53l0x_api.o
                0x08004b8e                VL53L0X_GetXTalkCompensationRateMegaCps
 .text.VL53L0X_SetLimitCheckEnable
                0x08004bf4      0x118 ./Drivers/VL53L0X/core/src/vl53l0x_api.o
                0x08004bf4                VL53L0X_SetLimitCheckEnable
 .text.VL53L0X_GetLimitCheckEnable
                0x08004d0c       0x46 ./Drivers/VL53L0X/core/src/vl53l0x_api.o
                0x08004d0c                VL53L0X_GetLimitCheckEnable
 *fill*         0x08004d52        0x2 
 .text.VL53L0X_SetLimitCheckValue
                0x08004d54       0xc4 ./Drivers/VL53L0X/core/src/vl53l0x_api.o
                0x08004d54                VL53L0X_SetLimitCheckValue
 .text.VL53L0X_GetLimitCheckValue
                0x08004e18      0x11c ./Drivers/VL53L0X/core/src/vl53l0x_api.o
                0x08004e18                VL53L0X_GetLimitCheckValue
 .text.VL53L0X_GetWrapAroundCheckEnable
                0x08004f34       0x64 ./Drivers/VL53L0X/core/src/vl53l0x_api.o
                0x08004f34                VL53L0X_GetWrapAroundCheckEnable
 .text.VL53L0X_PerformSingleMeasurement
                0x08004f98       0x68 ./Drivers/VL53L0X/core/src/vl53l0x_api.o
                0x08004f98                VL53L0X_PerformSingleMeasurement
 .text.VL53L0X_PerformRefCalibration
                0x08005000       0x2c ./Drivers/VL53L0X/core/src/vl53l0x_api.o
                0x08005000                VL53L0X_PerformRefCalibration
 .text.VL53L0X_CheckAndLoadInterruptSettings
                0x0800502c       0xcc ./Drivers/VL53L0X/core/src/vl53l0x_api.o
                0x0800502c                VL53L0X_CheckAndLoadInterruptSettings
 .text.VL53L0X_StartMeasurement
                0x080050f8      0x184 ./Drivers/VL53L0X/core/src/vl53l0x_api.o
                0x080050f8                VL53L0X_StartMeasurement
 .text.VL53L0X_GetMeasurementDataReady
                0x0800527c       0x80 ./Drivers/VL53L0X/core/src/vl53l0x_api.o
                0x0800527c                VL53L0X_GetMeasurementDataReady
 .text.VL53L0X_GetRangingMeasurementData
                0x080052fc      0x238 ./Drivers/VL53L0X/core/src/vl53l0x_api.o
                0x080052fc                VL53L0X_GetRangingMeasurementData
 .text.VL53L0X_PerformSingleRangingMeasurement
                0x08005534       0x60 ./Drivers/VL53L0X/core/src/vl53l0x_api.o
                0x08005534                VL53L0X_PerformSingleRangingMeasurement
 .text.VL53L0X_SetGpioConfig
                0x08005594      0x244 ./Drivers/VL53L0X/core/src/vl53l0x_api.o
                0x08005594                VL53L0X_SetGpioConfig
 .text.VL53L0X_SetInterruptThresholds
                0x080057d8       0x60 ./Drivers/VL53L0X/core/src/vl53l0x_api.o
                0x080057d8                VL53L0X_SetInterruptThresholds
 .text.VL53L0X_GetInterruptThresholds
                0x08005838       0x68 ./Drivers/VL53L0X/core/src/vl53l0x_api.o
                0x08005838                VL53L0X_GetInterruptThresholds
 .text.VL53L0X_ClearInterruptMask
                0x080058a0       0x80 ./Drivers/VL53L0X/core/src/vl53l0x_api.o
                0x080058a0                VL53L0X_ClearInterruptMask
 .text.VL53L0X_GetInterruptMaskStatus
                0x08005920       0x44 ./Drivers/VL53L0X/core/src/vl53l0x_api.o
                0x08005920                VL53L0X_GetInterruptMaskStatus
 .text.VL53L0X_PerformRefSpadManagement
                0x08005964       0x2a ./Drivers/VL53L0X/core/src/vl53l0x_api.o
                0x08005964                VL53L0X_PerformRefSpadManagement
 .text.VL53L0X_get_offset_calibration_data_micro_meter
                0x0800598e       0x7e ./Drivers/VL53L0X/core/src/vl53l0x_api_calibration.o
                0x0800598e                VL53L0X_get_offset_calibration_data_micro_meter
 .text.get_next_good_spad
                0x08005a0c       0xbc ./Drivers/VL53L0X/core/src/vl53l0x_api_calibration.o
                0x08005a0c                get_next_good_spad
 .text.is_aperture
                0x08005ac8       0x34 ./Drivers/VL53L0X/core/src/vl53l0x_api_calibration.o
                0x08005ac8                is_aperture
 .text.enable_spad_bit
                0x08005afc       0x70 ./Drivers/VL53L0X/core/src/vl53l0x_api_calibration.o
                0x08005afc                enable_spad_bit
 .text.set_ref_spad_map
                0x08005b6c       0x26 ./Drivers/VL53L0X/core/src/vl53l0x_api_calibration.o
                0x08005b6c                set_ref_spad_map
 .text.get_ref_spad_map
                0x08005b92       0x26 ./Drivers/VL53L0X/core/src/vl53l0x_api_calibration.o
                0x08005b92                get_ref_spad_map
 .text.enable_ref_spads
                0x08005bb8       0xf8 ./Drivers/VL53L0X/core/src/vl53l0x_api_calibration.o
                0x08005bb8                enable_ref_spads
 .text.perform_ref_signal_measurement
                0x08005cb0       0xd4 ./Drivers/VL53L0X/core/src/vl53l0x_api_calibration.o
                0x08005cb0                perform_ref_signal_measurement
 .text.VL53L0X_perform_ref_spad_management
                0x08005d84      0x418 ./Drivers/VL53L0X/core/src/vl53l0x_api_calibration.o
                0x08005d84                VL53L0X_perform_ref_spad_management
 .text.VL53L0X_set_reference_spads
                0x0800619c      0x14a ./Drivers/VL53L0X/core/src/vl53l0x_api_calibration.o
                0x0800619c                VL53L0X_set_reference_spads
 .text.VL53L0X_perform_single_ref_calibration
                0x080062e6       0x76 ./Drivers/VL53L0X/core/src/vl53l0x_api_calibration.o
                0x080062e6                VL53L0X_perform_single_ref_calibration
 .text.VL53L0X_ref_calibration_io
                0x0800635c      0x132 ./Drivers/VL53L0X/core/src/vl53l0x_api_calibration.o
                0x0800635c                VL53L0X_ref_calibration_io
 .text.VL53L0X_perform_vhv_calibration
                0x0800648e       0xce ./Drivers/VL53L0X/core/src/vl53l0x_api_calibration.o
                0x0800648e                VL53L0X_perform_vhv_calibration
 .text.VL53L0X_perform_phase_calibration
                0x0800655c       0xca ./Drivers/VL53L0X/core/src/vl53l0x_api_calibration.o
                0x0800655c                VL53L0X_perform_phase_calibration
 .text.VL53L0X_perform_ref_calibration
                0x08006626       0x7a ./Drivers/VL53L0X/core/src/vl53l0x_api_calibration.o
                0x08006626                VL53L0X_perform_ref_calibration
 .text.VL53L0X_measurement_poll_for_completion
                0x080066a0       0x60 ./Drivers/VL53L0X/core/src/vl53l0x_api_core.o
                0x080066a0                VL53L0X_measurement_poll_for_completion
 .text.VL53L0X_decode_vcsel_period
                0x08006700       0x26 ./Drivers/VL53L0X/core/src/vl53l0x_api_core.o
                0x08006700                VL53L0X_decode_vcsel_period
 .text.VL53L0X_encode_vcsel_period
                0x08006726       0x26 ./Drivers/VL53L0X/core/src/vl53l0x_api_core.o
                0x08006726                VL53L0X_encode_vcsel_period
 .text.VL53L0X_isqrt
                0x0800674c       0x68 ./Drivers/VL53L0X/core/src/vl53l0x_api_core.o
                0x0800674c                VL53L0X_isqrt
 .text.VL53L0X_device_read_strobe
                0x080067b4       0x86 ./Drivers/VL53L0X/core/src/vl53l0x_api_core.o
                0x080067b4                VL53L0X_device_read_strobe
 .text.VL53L0X_get_info_from_device
                0x0800683a      0x99a ./Drivers/VL53L0X/core/src/vl53l0x_api_core.o
                0x0800683a                VL53L0X_get_info_from_device
 .text.VL53L0X_calc_macro_period_ps
                0x080071d4       0x3c ./Drivers/VL53L0X/core/src/vl53l0x_api_core.o
                0x080071d4                VL53L0X_calc_macro_period_ps
 .text.VL53L0X_encode_timeout
                0x08007210       0x54 ./Drivers/VL53L0X/core/src/vl53l0x_api_core.o
                0x08007210                VL53L0X_encode_timeout
 .text.VL53L0X_decode_timeout
                0x08007264       0x2c ./Drivers/VL53L0X/core/src/vl53l0x_api_core.o
                0x08007264                VL53L0X_decode_timeout
 .text.VL53L0X_calc_timeout_mclks
                0x08007290       0x54 ./Drivers/VL53L0X/core/src/vl53l0x_api_core.o
                0x08007290                VL53L0X_calc_timeout_mclks
 .text.VL53L0X_calc_timeout_us
                0x080072e4       0x54 ./Drivers/VL53L0X/core/src/vl53l0x_api_core.o
                0x080072e4                VL53L0X_calc_timeout_us
 .text.get_sequence_step_timeout
                0x08007338      0x1c0 ./Drivers/VL53L0X/core/src/vl53l0x_api_core.o
                0x08007338                get_sequence_step_timeout
 .text.set_sequence_step_timeout
                0x080074f8      0x1e4 ./Drivers/VL53L0X/core/src/vl53l0x_api_core.o
                0x080074f8                set_sequence_step_timeout
 .text.VL53L0X_set_vcsel_pulse_period
                0x080076dc      0x50e ./Drivers/VL53L0X/core/src/vl53l0x_api_core.o
                0x080076dc                VL53L0X_set_vcsel_pulse_period
 .text.VL53L0X_get_vcsel_pulse_period
                0x08007bea       0x6e ./Drivers/VL53L0X/core/src/vl53l0x_api_core.o
                0x08007bea                VL53L0X_get_vcsel_pulse_period
 .text.VL53L0X_set_measurement_timing_budget_micro_seconds
                0x08007c58      0x1c0 ./Drivers/VL53L0X/core/src/vl53l0x_api_core.o
                0x08007c58                VL53L0X_set_measurement_timing_budget_micro_seconds
 .text.VL53L0X_get_measurement_timing_budget_micro_seconds
                0x08007e18      0x162 ./Drivers/VL53L0X/core/src/vl53l0x_api_core.o
                0x08007e18                VL53L0X_get_measurement_timing_budget_micro_seconds
 *fill*         0x08007f7a        0x2 
 .text.VL53L0X_load_tuning_settings
                0x08007f7c      0x1c4 ./Drivers/VL53L0X/core/src/vl53l0x_api_core.o
                0x08007f7c                VL53L0X_load_tuning_settings
 .text.VL53L0X_get_total_xtalk_rate
                0x08008140       0x5e ./Drivers/VL53L0X/core/src/vl53l0x_api_core.o
                0x08008140                VL53L0X_get_total_xtalk_rate
 .text.VL53L0X_get_total_signal_rate
                0x0800819e       0x4a ./Drivers/VL53L0X/core/src/vl53l0x_api_core.o
                0x0800819e                VL53L0X_get_total_signal_rate
 .text.VL53L0X_calc_dmax
                0x080081e8      0x238 ./Drivers/VL53L0X/core/src/vl53l0x_api_core.o
                0x080081e8                VL53L0X_calc_dmax
 .text.VL53L0X_calc_sigma_estimate
                0x08008420      0x498 ./Drivers/VL53L0X/core/src/vl53l0x_api_core.o
                0x08008420                VL53L0X_calc_sigma_estimate
 .text.VL53L0X_get_pal_range_status
                0x080088b8      0x3b6 ./Drivers/VL53L0X/core/src/vl53l0x_api_core.o
                0x080088b8                VL53L0X_get_pal_range_status
 .text._I2CWrite
                0x08008c6e       0x3e ./Drivers/VL53L0X/platform/src/vl53l0x_platform.o
                0x08008c6e                _I2CWrite
 .text._I2CRead
                0x08008cac       0x44 ./Drivers/VL53L0X/platform/src/vl53l0x_platform.o
                0x08008cac                _I2CRead
 .text.VL53L0X_WriteMulti
                0x08008cf0       0x60 ./Drivers/VL53L0X/platform/src/vl53l0x_platform.o
                0x08008cf0                VL53L0X_WriteMulti
 .text.VL53L0X_ReadMulti
                0x08008d50       0x56 ./Drivers/VL53L0X/platform/src/vl53l0x_platform.o
                0x08008d50                VL53L0X_ReadMulti
 *fill*         0x08008da6        0x2 
 .text.VL53L0X_WrByte
                0x08008da8       0x48 ./Drivers/VL53L0X/platform/src/vl53l0x_platform.o
                0x08008da8                VL53L0X_WrByte
 .text.VL53L0X_WrWord
                0x08008df0       0x54 ./Drivers/VL53L0X/platform/src/vl53l0x_platform.o
                0x08008df0                VL53L0X_WrWord
 .text.VL53L0X_UpdateByte
                0x08008e44       0x68 ./Drivers/VL53L0X/platform/src/vl53l0x_platform.o
                0x08008e44                VL53L0X_UpdateByte
 .text.VL53L0X_RdByte
                0x08008eac       0x54 ./Drivers/VL53L0X/platform/src/vl53l0x_platform.o
                0x08008eac                VL53L0X_RdByte
 .text.VL53L0X_RdWord
                0x08008f00       0x6c ./Drivers/VL53L0X/platform/src/vl53l0x_platform.o
                0x08008f00                VL53L0X_RdWord
 .text.VL53L0X_RdDWord
                0x08008f6c       0x78 ./Drivers/VL53L0X/platform/src/vl53l0x_platform.o
                0x08008f6c                VL53L0X_RdDWord
 .text.VL53L0X_PollingDelay
                0x08008fe4       0x1e ./Drivers/VL53L0X/platform/src/vl53l0x_platform.o
                0x08008fe4                VL53L0X_PollingDelay
 *fill*         0x08009002        0x2 
 .text._vl53l0x_log
                0x08009004       0x40 ./Drivers/VL53L0X/platform/src/vl53l0x_platform_log.o
                0x08009004                _vl53l0x_log
 .text.sprintf  0x08009044       0x40 C:/ST/STM32CubeIDE_1.17.0/STM32CubeIDE/plugins/com.st.stm32cube.ide.mcu.externaltools.gnu-tools-for-stm32.12.3.rel1.win32_1.1.0.202410251130/tools/bin/../lib/gcc/arm-none-eabi/12.3.1/../../../../arm-none-eabi/lib/thumb/v7e-m+fp/hard\libc_nano.a(libc_a-sprintf.o)
                0x08009044                siprintf
                0x08009044                sprintf
 .text._vsnprintf_r
                0x08009084       0x56 C:/ST/STM32CubeIDE_1.17.0/STM32CubeIDE/plugins/com.st.stm32cube.ide.mcu.externaltools.gnu-tools-for-stm32.12.3.rel1.win32_1.1.0.202410251130/tools/bin/../lib/gcc/arm-none-eabi/12.3.1/../../../../arm-none-eabi/lib/thumb/v7e-m+fp/hard\libc_nano.a(libc_a-vsnprintf.o)
                0x08009084                _vsniprintf_r
                0x08009084                _vsnprintf_r
 *fill*         0x080090da        0x2 
 .text.vsnprintf
                0x080090dc       0x1c C:/ST/STM32CubeIDE_1.17.0/STM32CubeIDE/plugins/com.st.stm32cube.ide.mcu.externaltools.gnu-tools-for-stm32.12.3.rel1.win32_1.1.0.202410251130/tools/bin/../lib/gcc/arm-none-eabi/12.3.1/../../../../arm-none-eabi/lib/thumb/v7e-m+fp/hard\libc_nano.a(libc_a-vsnprintf.o)
                0x080090dc                vsniprintf
                0x080090dc                vsnprintf
 .text.memset   0x080090f8       0x10 C:/ST/STM32CubeIDE_1.17.0/STM32CubeIDE/plugins/com.st.stm32cube.ide.mcu.externaltools.gnu-tools-for-stm32.12.3.rel1.win32_1.1.0.202410251130/tools/bin/../lib/gcc/arm-none-eabi/12.3.1/../../../../arm-none-eabi/lib/thumb/v7e-m+fp/hard\libc_nano.a(libc_a-memset.o)
                0x080090f8                memset
 .text.__errno  0x08009108        0xc C:/ST/STM32CubeIDE_1.17.0/STM32CubeIDE/plugins/com.st.stm32cube.ide.mcu.externaltools.gnu-tools-for-stm32.12.3.rel1.win32_1.1.0.202410251130/tools/bin/../lib/gcc/arm-none-eabi/12.3.1/../../../../arm-none-eabi/lib/thumb/v7e-m+fp/hard\libc_nano.a(libc_a-errno.o)
                0x08009108                __errno
 .text.__libc_init_array
                0x08009114       0x48 C:/ST/STM32CubeIDE_1.17.0/STM32CubeIDE/plugins/com.st.stm32cube.ide.mcu.externaltools.gnu-tools-for-stm32.12.3.rel1.win32_1.1.0.202410251130/tools/bin/../lib/gcc/arm-none-eabi/12.3.1/../../../../arm-none-eabi/lib/thumb/v7e-m+fp/hard\libc_nano.a(libc_a-init.o)
                0x08009114                __libc_init_array
 .text.__retarget_lock_acquire_recursive
                0x0800915c        0x2 C:/ST/STM32CubeIDE_1.17.0/STM32CubeIDE/plugins/com.st.stm32cube.ide.mcu.externaltools.gnu-tools-for-stm32.12.3.rel1.win32_1.1.0.202410251130/tools/bin/../lib/gcc/arm-none-eabi/12.3.1/../../../../arm-none-eabi/lib/thumb/v7e-m+fp/hard\libc_nano.a(libc_a-lock.o)
                0x0800915c                __retarget_lock_acquire_recursive
 .text.__retarget_lock_release_recursive
                0x0800915e        0x2 C:/ST/STM32CubeIDE_1.17.0/STM32CubeIDE/plugins/com.st.stm32cube.ide.mcu.externaltools.gnu-tools-for-stm32.12.3.rel1.win32_1.1.0.202410251130/tools/bin/../lib/gcc/arm-none-eabi/12.3.1/../../../../arm-none-eabi/lib/thumb/v7e-m+fp/hard\libc_nano.a(libc_a-lock.o)
                0x0800915e                __retarget_lock_release_recursive
 .text.strcpy   0x08009160       0x10 C:/ST/STM32CubeIDE_1.17.0/STM32CubeIDE/plugins/com.st.stm32cube.ide.mcu.externaltools.gnu-tools-for-stm32.12.3.rel1.win32_1.1.0.202410251130/tools/bin/../lib/gcc/arm-none-eabi/12.3.1/../../../../arm-none-eabi/lib/thumb/v7e-m+fp/hard\libc_nano.a(libc_a-strcpy.o)
                0x08009160                strcpy
 .text.memcpy   0x08009170       0x1c C:/ST/STM32CubeIDE_1.17.0/STM32CubeIDE/plugins/com.st.stm32cube.ide.mcu.externaltools.gnu-tools-for-stm32.12.3.rel1.win32_1.1.0.202410251130/tools/bin/../lib/gcc/arm-none-eabi/12.3.1/../../../../arm-none-eabi/lib/thumb/v7e-m+fp/hard\libc_nano.a(libc_a-memcpy-stub.o)
                0x08009170                memcpy
 .text._free_r  0x0800918c       0x94 C:/ST/STM32CubeIDE_1.17.0/STM32CubeIDE/plugins/com.st.stm32cube.ide.mcu.externaltools.gnu-tools-for-stm32.12.3.rel1.win32_1.1.0.202410251130/tools/bin/../lib/gcc/arm-none-eabi/12.3.1/../../../../arm-none-eabi/lib/thumb/v7e-m+fp/hard\libc_nano.a(libc_a-freer.o)
                0x0800918c                _free_r
 .text.sbrk_aligned
                0x08009220       0x44 C:/ST/STM32CubeIDE_1.17.0/STM32CubeIDE/plugins/com.st.stm32cube.ide.mcu.externaltools.gnu-tools-for-stm32.12.3.rel1.win32_1.1.0.202410251130/tools/bin/../lib/gcc/arm-none-eabi/12.3.1/../../../../arm-none-eabi/lib/thumb/v7e-m+fp/hard\libc_nano.a(libc_a-mallocr.o)
 .text._malloc_r
                0x08009264      0x100 C:/ST/STM32CubeIDE_1.17.0/STM32CubeIDE/plugins/com.st.stm32cube.ide.mcu.externaltools.gnu-tools-for-stm32.12.3.rel1.win32_1.1.0.202410251130/tools/bin/../lib/gcc/arm-none-eabi/12.3.1/../../../../arm-none-eabi/lib/thumb/v7e-m+fp/hard\libc_nano.a(libc_a-mallocr.o)
                0x08009264                _malloc_r
 .text.__malloc_lock
                0x08009364        0xc C:/ST/STM32CubeIDE_1.17.0/STM32CubeIDE/plugins/com.st.stm32cube.ide.mcu.externaltools.gnu-tools-for-stm32.12.3.rel1.win32_1.1.0.202410251130/tools/bin/../lib/gcc/arm-none-eabi/12.3.1/../../../../arm-none-eabi/lib/thumb/v7e-m+fp/hard\libc_nano.a(libc_a-mlock.o)
                0x08009364                __malloc_lock
 .text.__malloc_unlock
                0x08009370        0xc C:/ST/STM32CubeIDE_1.17.0/STM32CubeIDE/plugins/com.st.stm32cube.ide.mcu.externaltools.gnu-tools-for-stm32.12.3.rel1.win32_1.1.0.202410251130/tools/bin/../lib/gcc/arm-none-eabi/12.3.1/../../../../arm-none-eabi/lib/thumb/v7e-m+fp/hard\libc_nano.a(libc_a-mlock.o)
                0x08009370                __malloc_unlock
 .text.__ssputs_r
                0x0800937c       0xb6 C:/ST/STM32CubeIDE_1.17.0/STM32CubeIDE/plugins/com.st.stm32cube.ide.mcu.externaltools.gnu-tools-for-stm32.12.3.rel1.win32_1.1.0.202410251130/tools/bin/../lib/gcc/arm-none-eabi/12.3.1/../../../../arm-none-eabi/lib/thumb/v7e-m+fp/hard\libc_nano.a(libc_a-nano-svfprintf.o)
                0x0800937c                __ssputs_r
 *fill*         0x08009432        0x2 
 .text._svfprintf_r
                0x08009434      0x1f8 C:/ST/STM32CubeIDE_1.17.0/STM32CubeIDE/plugins/com.st.stm32cube.ide.mcu.externaltools.gnu-tools-for-stm32.12.3.rel1.win32_1.1.0.202410251130/tools/bin/../lib/gcc/arm-none-eabi/12.3.1/../../../../arm-none-eabi/lib/thumb/v7e-m+fp/hard\libc_nano.a(libc_a-nano-svfprintf.o)
                0x08009434                _svfiprintf_r
                0x08009434                _svfprintf_r
 .text._printf_common
                0x0800962c       0xda C:/ST/STM32CubeIDE_1.17.0/STM32CubeIDE/plugins/com.st.stm32cube.ide.mcu.externaltools.gnu-tools-for-stm32.12.3.rel1.win32_1.1.0.202410251130/tools/bin/../lib/gcc/arm-none-eabi/12.3.1/../../../../arm-none-eabi/lib/thumb/v7e-m+fp/hard\libc_nano.a(libc_a-nano-vfprintf_i.o)
                0x0800962c                _printf_common
 *fill*         0x08009706        0x2 
 .text._printf_i
                0x08009708      0x240 C:/ST/STM32CubeIDE_1.17.0/STM32CubeIDE/plugins/com.st.stm32cube.ide.mcu.externaltools.gnu-tools-for-stm32.12.3.rel1.win32_1.1.0.202410251130/tools/bin/../lib/gcc/arm-none-eabi/12.3.1/../../../../arm-none-eabi/lib/thumb/v7e-m+fp/hard\libc_nano.a(libc_a-nano-vfprintf_i.o)
                0x08009708                _printf_i
 .text.memmove  0x08009948       0x34 C:/ST/STM32CubeIDE_1.17.0/STM32CubeIDE/plugins/com.st.stm32cube.ide.mcu.externaltools.gnu-tools-for-stm32.12.3.rel1.win32_1.1.0.202410251130/tools/bin/../lib/gcc/arm-none-eabi/12.3.1/../../../../arm-none-eabi/lib/thumb/v7e-m+fp/hard\libc_nano.a(libc_a-memmove.o)
                0x08009948                memmove
 .text._sbrk_r  0x0800997c       0x20 C:/ST/STM32CubeIDE_1.17.0/STM32CubeIDE/plugins/com.st.stm32cube.ide.mcu.externaltools.gnu-tools-for-stm32.12.3.rel1.win32_1.1.0.202410251130/tools/bin/../lib/gcc/arm-none-eabi/12.3.1/../../../../arm-none-eabi/lib/thumb/v7e-m+fp/hard\libc_nano.a(libc_a-sbrkr.o)
                0x0800997c                _sbrk_r
 .text._realloc_r
                0x0800999c       0x5c C:/ST/STM32CubeIDE_1.17.0/STM32CubeIDE/plugins/com.st.stm32cube.ide.mcu.externaltools.gnu-tools-for-stm32.12.3.rel1.win32_1.1.0.202410251130/tools/bin/../lib/gcc/arm-none-eabi/12.3.1/../../../../arm-none-eabi/lib/thumb/v7e-m+fp/hard\libc_nano.a(libc_a-reallocr.o)
                0x0800999c                _realloc_r
 .text._malloc_usable_size_r
                0x080099f8       0x10 C:/ST/STM32CubeIDE_1.17.0/STM32CubeIDE/plugins/com.st.stm32cube.ide.mcu.externaltools.gnu-tools-for-stm32.12.3.rel1.win32_1.1.0.202410251130/tools/bin/../lib/gcc/arm-none-eabi/12.3.1/../../../../arm-none-eabi/lib/thumb/v7e-m+fp/hard\libc_nano.a(libc_a-msizer.o)
                0x080099f8                _malloc_usable_size_r
 *(.glue_7)
 .glue_7        0x08009a08        0x0 linker stubs
 *(.glue_7t)
 .glue_7t       0x08009a08        0x0 linker stubs
 *(.eh_frame)
 .eh_frame      0x08009a08        0x0 C:/ST/STM32CubeIDE_1.17.0/STM32CubeIDE/plugins/com.st.stm32cube.ide.mcu.externaltools.gnu-tools-for-stm32.12.3.rel1.win32_1.1.0.202410251130/tools/bin/../lib/gcc/arm-none-eabi/12.3.1/thumb/v7e-m+fp/hard/crtbegin.o
 *(.init)
 .init          0x08009a08        0x4 C:/ST/STM32CubeIDE_1.17.0/STM32CubeIDE/plugins/com.st.stm32cube.ide.mcu.externaltools.gnu-tools-for-stm32.12.3.rel1.win32_1.1.0.202410251130/tools/bin/../lib/gcc/arm-none-eabi/12.3.1/thumb/v7e-m+fp/hard/crti.o
                0x08009a08                _init
 .init          0x08009a0c        0x8 C:/ST/STM32CubeIDE_1.17.0/STM32CubeIDE/plugins/com.st.stm32cube.ide.mcu.externaltools.gnu-tools-for-stm32.12.3.rel1.win32_1.1.0.202410251130/tools/bin/../lib/gcc/arm-none-eabi/12.3.1/thumb/v7e-m+fp/hard/crtn.o
 *(.fini)
 .fini          0x08009a14        0x4 C:/ST/STM32CubeIDE_1.17.0/STM32CubeIDE/plugins/com.st.stm32cube.ide.mcu.externaltools.gnu-tools-for-stm32.12.3.rel1.win32_1.1.0.202410251130/tools/bin/../lib/gcc/arm-none-eabi/12.3.1/thumb/v7e-m+fp/hard/crti.o
                0x08009a14                _fini
 .fini          0x08009a18        0x8 C:/ST/STM32CubeIDE_1.17.0/STM32CubeIDE/plugins/com.st.stm32cube.ide.mcu.externaltools.gnu-tools-for-stm32.12.3.rel1.win32_1.1.0.202410251130/tools/bin/../lib/gcc/arm-none-eabi/12.3.1/thumb/v7e-m+fp/hard/crtn.o
                0x08009a20                        . = ALIGN (0x4)
                0x08009a20                        _etext = .

.vfp11_veneer   0x08009a20        0x0
 .vfp11_veneer  0x08009a20        0x0 linker stubs

.v4_bx          0x08009a20        0x0
 .v4_bx         0x08009a20        0x0 linker stubs

.iplt           0x08009a20        0x0
 .iplt          0x08009a20        0x0 C:/ST/STM32CubeIDE_1.17.0/STM32CubeIDE/plugins/com.st.stm32cube.ide.mcu.externaltools.gnu-tools-for-stm32.12.3.rel1.win32_1.1.0.202410251130/tools/bin/../lib/gcc/arm-none-eabi/12.3.1/thumb/v7e-m+fp/hard/crtbegin.o

.rodata         0x08009a20       0xb0
                0x08009a20                        . = ALIGN (0x4)
 *(.rodata)
 .rodata        0x08009a20       0x24 ./Core/Src/main.o
 *(.rodata*)
 .rodata.AHBPrescTable
                0x08009a44       0x10 ./Core/Src/system_stm32l4xx.o
                0x08009a44                AHBPrescTable
 .rodata.APBPrescTable
                0x08009a54        0x8 ./Core/Src/system_stm32l4xx.o
                0x08009a54                APBPrescTable
 .rodata.MSIRangeTable
                0x08009a5c       0x30 ./Core/Src/system_stm32l4xx.o
                0x08009a5c                MSIRangeTable
 .rodata.refArrayQuadrants
                0x08009a8c       0x10 ./Drivers/VL53L0X/core/src/vl53l0x_api_calibration.o
 .rodata._svfprintf_r.str1.1
                0x08009a9c       0x11 C:/ST/STM32CubeIDE_1.17.0/STM32CubeIDE/plugins/com.st.stm32cube.ide.mcu.externaltools.gnu-tools-for-stm32.12.3.rel1.win32_1.1.0.202410251130/tools/bin/../lib/gcc/arm-none-eabi/12.3.1/../../../../arm-none-eabi/lib/thumb/v7e-m+fp/hard\libc_nano.a(libc_a-nano-svfprintf.o)
 .rodata._printf_i.str1.1
                0x08009aad       0x22 C:/ST/STM32CubeIDE_1.17.0/STM32CubeIDE/plugins/com.st.stm32cube.ide.mcu.externaltools.gnu-tools-for-stm32.12.3.rel1.win32_1.1.0.202410251130/tools/bin/../lib/gcc/arm-none-eabi/12.3.1/../../../../arm-none-eabi/lib/thumb/v7e-m+fp/hard\libc_nano.a(libc_a-nano-vfprintf_i.o)
                0x08009ad0                        . = ALIGN (0x4)
 *fill*         0x08009acf        0x1 

.ARM.extab      0x08009ad0        0x0
                0x08009ad0                        . = ALIGN (0x4)
 *(.ARM.extab* .gnu.linkonce.armextab.*)
                0x08009ad0                        . = ALIGN (0x4)

.ARM            0x08009ad0        0x8
                0x08009ad0                        . = ALIGN (0x4)
                0x08009ad0                        __exidx_start = .
 *(.ARM.exidx*)
 .ARM.exidx     0x08009ad0        0x8 C:/ST/STM32CubeIDE_1.17.0/STM32CubeIDE/plugins/com.st.stm32cube.ide.mcu.externaltools.gnu-tools-for-stm32.12.3.rel1.win32_1.1.0.202410251130/tools/bin/../lib/gcc/arm-none-eabi/12.3.1/../../../../arm-none-eabi/lib/thumb/v7e-m+fp/hard\libc_nano.a(libc_a-memchr.o)
 .ARM.exidx     0x08009ad8        0x0 C:/ST/STM32CubeIDE_1.17.0/STM32CubeIDE/plugins/com.st.stm32cube.ide.mcu.externaltools.gnu-tools-for-stm32.12.3.rel1.win32_1.1.0.202410251130/tools/bin/../lib/gcc/arm-none-eabi/12.3.1/thumb/v7e-m+fp/hard\libgcc.a(_udivmoddi4.o)
                                  0x8 (size before relaxing)
                0x08009ad8                        __exidx_end = .
                0x08009ad8                        . = ALIGN (0x4)

.preinit_array  0x08009ad8        0x0
                0x08009ad8                        . = ALIGN (0x4)
                0x08009ad8                        PROVIDE (__preinit_array_start = .)
 *(.preinit_array*)
                0x08009ad8                        PROVIDE (__preinit_array_end = .)
                0x08009ad8                        . = ALIGN (0x4)

.init_array     0x08009ad8        0x4
                0x08009ad8                        . = ALIGN (0x4)
                0x08009ad8                        PROVIDE (__init_array_start = .)
 *(SORT_BY_NAME(.init_array.*))
 *(.init_array*)
 .init_array    0x08009ad8        0x4 C:/ST/STM32CubeIDE_1.17.0/STM32CubeIDE/plugins/com.st.stm32cube.ide.mcu.externaltools.gnu-tools-for-stm32.12.3.rel1.win32_1.1.0.202410251130/tools/bin/../lib/gcc/arm-none-eabi/12.3.1/thumb/v7e-m+fp/hard/crtbegin.o
                0x08009adc                        PROVIDE (__init_array_end = .)
                0x08009adc                        . = ALIGN (0x4)

.fini_array     0x08009adc        0x4
                0x08009adc                        . = ALIGN (0x4)
                [!provide]                        PROVIDE (__fini_array_start = .)
 *(SORT_BY_NAME(.fini_array.*))
 *(.fini_array*)
 .fini_array    0x08009adc        0x4 C:/ST/STM32CubeIDE_1.17.0/STM32CubeIDE/plugins/com.st.stm32cube.ide.mcu.externaltools.gnu-tools-for-stm32.12.3.rel1.win32_1.1.0.202410251130/tools/bin/../lib/gcc/arm-none-eabi/12.3.1/thumb/v7e-m+fp/hard/crtbegin.o
                [!provide]                        PROVIDE (__fini_array_end = .)
                0x08009ae0                        . = ALIGN (0x4)
                0x08009ae0                        _sidata = LOADADDR (.data)

.rel.dyn        0x08009ae0        0x0
 .rel.iplt      0x08009ae0        0x0 C:/ST/STM32CubeIDE_1.17.0/STM32CubeIDE/plugins/com.st.stm32cube.ide.mcu.externaltools.gnu-tools-for-stm32.12.3.rel1.win32_1.1.0.202410251130/tools/bin/../lib/gcc/arm-none-eabi/12.3.1/thumb/v7e-m+fp/hard/crtbegin.o

.data           0x20000000      0x30c load address 0x08009ae0
                0x20000000                        . = ALIGN (0x4)
                0x20000000                        _sdata = .
 *(.data)
 *(.data*)
 .data.Dev      0x20000000        0x4 ./Core/Src/main.o
                0x20000000                Dev
 .data.SystemCoreClock
                0x20000004        0x4 ./Core/Src/system_stm32l4xx.o
                0x20000004                SystemCoreClock
 .data.uwTickPrio
                0x20000008        0x4 ./Drivers/STM32L4xx_HAL_Driver/Src/stm32l4xx_hal.o
                0x20000008                uwTickPrio
 .data.uwTickFreq
                0x2000000c        0x1 ./Drivers/STM32L4xx_HAL_Driver/Src/stm32l4xx_hal.o
                0x2000000c                uwTickFreq
 *fill*         0x2000000d        0x3 
 .data.DefaultTuningSettings
                0x20000010       0xf3 ./Drivers/VL53L0X/core/src/vl53l0x_api.o
                0x20000010                DefaultTuningSettings
 *fill*         0x20000103        0x1 
 .data.InterruptThresholdSettings
                0x20000104      0x1b6 ./Drivers/VL53L0X/core/src/vl53l0x_api.o
                0x20000104                InterruptThresholdSettings
 *fill*         0x200002ba        0x2 
 .data._impure_ptr
                0x200002bc        0x4 C:/ST/STM32CubeIDE_1.17.0/STM32CubeIDE/plugins/com.st.stm32cube.ide.mcu.externaltools.gnu-tools-for-stm32.12.3.rel1.win32_1.1.0.202410251130/tools/bin/../lib/gcc/arm-none-eabi/12.3.1/../../../../arm-none-eabi/lib/thumb/v7e-m+fp/hard\libc_nano.a(libc_a-impure.o)
                0x200002bc                _impure_ptr
 .data._impure_data
                0x200002c0       0x4c C:/ST/STM32CubeIDE_1.17.0/STM32CubeIDE/plugins/com.st.stm32cube.ide.mcu.externaltools.gnu-tools-for-stm32.12.3.rel1.win32_1.1.0.202410251130/tools/bin/../lib/gcc/arm-none-eabi/12.3.1/../../../../arm-none-eabi/lib/thumb/v7e-m+fp/hard\libc_nano.a(libc_a-impure.o)
                0x200002c0                _impure_data
 *(.RamFunc)
 *(.RamFunc*)
                0x2000030c                        . = ALIGN (0x4)
                0x2000030c                        _edata = .

.igot.plt       0x2000030c        0x0 load address 0x08009dec
 .igot.plt      0x2000030c        0x0 C:/ST/STM32CubeIDE_1.17.0/STM32CubeIDE/plugins/com.st.stm32cube.ide.mcu.externaltools.gnu-tools-for-stm32.12.3.rel1.win32_1.1.0.202410251130/tools/bin/../lib/gcc/arm-none-eabi/12.3.1/thumb/v7e-m+fp/hard/crtbegin.o
                0x2000030c                        . = ALIGN (0x4)

.bss            0x2000030c      0x478 load address 0x08009dec
                0x2000030c                        _sbss = .
                0x2000030c                        __bss_start__ = _sbss
 *(.bss)
 .bss           0x2000030c       0x1c C:/ST/STM32CubeIDE_1.17.0/STM32CubeIDE/plugins/com.st.stm32cube.ide.mcu.externaltools.gnu-tools-for-stm32.12.3.rel1.win32_1.1.0.202410251130/tools/bin/../lib/gcc/arm-none-eabi/12.3.1/thumb/v7e-m+fp/hard/crtbegin.o
 *(.bss*)
 .bss.hi2c1     0x20000328       0x54 ./Core/Src/main.o
                0x20000328                hi2c1
 .bss.huart2    0x2000037c       0x88 ./Core/Src/main.o
                0x2000037c                huart2
 .bss.Message   0x20000404       0x40 ./Core/Src/main.o
                0x20000404                Message
 .bss.MessageLen
                0x20000444        0x1 ./Core/Src/main.o
                0x20000444                MessageLen
 *fill*         0x20000445        0x3 
 .bss.RangingData
                0x20000448       0x1c ./Core/Src/main.o
                0x20000448                RangingData
 .bss.vl53l0x_c
                0x20000464      0x190 ./Core/Src/main.o
                0x20000464                vl53l0x_c
 .bss.__sbrk_heap_end
                0x200005f4        0x4 ./Core/Src/sysmem.o
 .bss.uwTick    0x200005f8        0x4 ./Drivers/STM32L4xx_HAL_Driver/Src/stm32l4xx_hal.o
                0x200005f8                uwTick
 .bss._I2CBuffer
                0x200005fc       0x40 ./Drivers/VL53L0X/platform/src/vl53l0x_platform.o
                0x200005fc                _I2CBuffer
 .bss.__sf      0x2000063c      0x138 C:/ST/STM32CubeIDE_1.17.0/STM32CubeIDE/plugins/com.st.stm32cube.ide.mcu.externaltools.gnu-tools-for-stm32.12.3.rel1.win32_1.1.0.202410251130/tools/bin/../lib/gcc/arm-none-eabi/12.3.1/../../../../arm-none-eabi/lib/thumb/v7e-m+fp/hard\libc_nano.a(libc_a-findfp.o)
                0x2000063c                __sf
 .bss.errno     0x20000774        0x4 C:/ST/STM32CubeIDE_1.17.0/STM32CubeIDE/plugins/com.st.stm32cube.ide.mcu.externaltools.gnu-tools-for-stm32.12.3.rel1.win32_1.1.0.202410251130/tools/bin/../lib/gcc/arm-none-eabi/12.3.1/../../../../arm-none-eabi/lib/thumb/v7e-m+fp/hard\libc_nano.a(libc_a-reent.o)
                0x20000774                errno
 .bss.__lock___malloc_recursive_mutex
                0x20000778        0x1 C:/ST/STM32CubeIDE_1.17.0/STM32CubeIDE/plugins/com.st.stm32cube.ide.mcu.externaltools.gnu-tools-for-stm32.12.3.rel1.win32_1.1.0.202410251130/tools/bin/../lib/gcc/arm-none-eabi/12.3.1/../../../../arm-none-eabi/lib/thumb/v7e-m+fp/hard\libc_nano.a(libc_a-lock.o)
                0x20000778                __lock___malloc_recursive_mutex
 *fill*         0x20000779        0x3 
 .bss.__malloc_sbrk_start
                0x2000077c        0x4 C:/ST/STM32CubeIDE_1.17.0/STM32CubeIDE/plugins/com.st.stm32cube.ide.mcu.externaltools.gnu-tools-for-stm32.12.3.rel1.win32_1.1.0.202410251130/tools/bin/../lib/gcc/arm-none-eabi/12.3.1/../../../../arm-none-eabi/lib/thumb/v7e-m+fp/hard\libc_nano.a(libc_a-mallocr.o)
                0x2000077c                __malloc_sbrk_start
 .bss.__malloc_free_list
                0x20000780        0x4 C:/ST/STM32CubeIDE_1.17.0/STM32CubeIDE/plugins/com.st.stm32cube.ide.mcu.externaltools.gnu-tools-for-stm32.12.3.rel1.win32_1.1.0.202410251130/tools/bin/../lib/gcc/arm-none-eabi/12.3.1/../../../../arm-none-eabi/lib/thumb/v7e-m+fp/hard\libc_nano.a(libc_a-mallocr.o)
                0x20000780                __malloc_free_list
 *(COMMON)
                0x20000784                        . = ALIGN (0x4)
                0x20000784                        _ebss = .
                0x20000784                        __bss_end__ = _ebss

._user_heap_stack
                0x20000784      0x604 load address 0x08009dec
                0x20000788                        . = ALIGN (0x8)
 *fill*         0x20000784        0x4 
                [!provide]                        PROVIDE (end = .)
                0x20000788                        PROVIDE (_end = .)
                0x20000988                        . = (. + _Min_Heap_Size)
 *fill*         0x20000788      0x200 
                0x20000d88                        . = (. + _Min_Stack_Size)
 *fill*         0x20000988      0x400 
                0x20000d88                        . = ALIGN (0x8)

/DISCARD/
 libc.a(*)
 libm.a(*)
 libgcc.a(*)

.ARM.attributes
                0x00000000       0x30
 *(.ARM.attributes)
 .ARM.attributes
                0x00000000       0x22 C:/ST/STM32CubeIDE_1.17.0/STM32CubeIDE/plugins/com.st.stm32cube.ide.mcu.externaltools.gnu-tools-for-stm32.12.3.rel1.win32_1.1.0.202410251130/tools/bin/../lib/gcc/arm-none-eabi/12.3.1/thumb/v7e-m+fp/hard/crti.o
 .ARM.attributes
                0x00000022       0x34 C:/ST/STM32CubeIDE_1.17.0/STM32CubeIDE/plugins/com.st.stm32cube.ide.mcu.externaltools.gnu-tools-for-stm32.12.3.rel1.win32_1.1.0.202410251130/tools/bin/../lib/gcc/arm-none-eabi/12.3.1/thumb/v7e-m+fp/hard/crtbegin.o
 .ARM.attributes
                0x00000056       0x34 ./Core/Src/main.o
 .ARM.attributes
                0x0000008a       0x34 ./Core/Src/stm32l4xx_hal_msp.o
 .ARM.attributes
                0x000000be       0x34 ./Core/Src/stm32l4xx_it.o
 .ARM.attributes
                0x000000f2       0x34 ./Core/Src/sysmem.o
 .ARM.attributes
                0x00000126       0x34 ./Core/Src/system_stm32l4xx.o
 .ARM.attributes
                0x0000015a       0x21 ./Core/Startup/startup_stm32l452retx.o
 .ARM.attributes
                0x0000017b       0x34 ./Drivers/STM32L4xx_HAL_Driver/Src/stm32l4xx_hal.o
 .ARM.attributes
                0x000001af       0x34 ./Drivers/STM32L4xx_HAL_Driver/Src/stm32l4xx_hal_cortex.o
 .ARM.attributes
                0x000001e3       0x34 ./Drivers/STM32L4xx_HAL_Driver/Src/stm32l4xx_hal_gpio.o
 .ARM.attributes
                0x00000217       0x34 ./Drivers/STM32L4xx_HAL_Driver/Src/stm32l4xx_hal_i2c.o
 .ARM.attributes
                0x0000024b       0x34 ./Drivers/STM32L4xx_HAL_Driver/Src/stm32l4xx_hal_i2c_ex.o
 .ARM.attributes
                0x0000027f       0x34 ./Drivers/STM32L4xx_HAL_Driver/Src/stm32l4xx_hal_pwr.o
 .ARM.attributes
                0x000002b3       0x34 ./Drivers/STM32L4xx_HAL_Driver/Src/stm32l4xx_hal_pwr_ex.o
 .ARM.attributes
                0x000002e7       0x34 ./Drivers/STM32L4xx_HAL_Driver/Src/stm32l4xx_hal_rcc.o
 .ARM.attributes
                0x0000031b       0x34 ./Drivers/STM32L4xx_HAL_Driver/Src/stm32l4xx_hal_rcc_ex.o
 .ARM.attributes
                0x0000034f       0x34 ./Drivers/STM32L4xx_HAL_Driver/Src/stm32l4xx_hal_uart.o
 .ARM.attributes
                0x00000383       0x34 ./Drivers/VL53L0X/core/src/vl53l0x_api.o
 .ARM.attributes
                0x000003b7       0x34 ./Drivers/VL53L0X/core/src/vl53l0x_api_calibration.o
 .ARM.attributes
                0x000003eb       0x34 ./Drivers/VL53L0X/core/src/vl53l0x_api_core.o
 .ARM.attributes
                0x0000041f       0x34 ./Drivers/VL53L0X/platform/src/vl53l0x_platform.o
 .ARM.attributes
                0x00000453       0x34 ./Drivers/VL53L0X/platform/src/vl53l0x_platform_log.o
 .ARM.attributes
                0x00000487       0x34 C:/ST/STM32CubeIDE_1.17.0/STM32CubeIDE/plugins/com.st.stm32cube.ide.mcu.externaltools.gnu-tools-for-stm32.12.3.rel1.win32_1.1.0.202410251130/tools/bin/../lib/gcc/arm-none-eabi/12.3.1/../../../../arm-none-eabi/lib/thumb/v7e-m+fp/hard\libc_nano.a(libc_a-findfp.o)
 .ARM.attributes
                0x000004bb       0x34 C:/ST/STM32CubeIDE_1.17.0/STM32CubeIDE/plugins/com.st.stm32cube.ide.mcu.externaltools.gnu-tools-for-stm32.12.3.rel1.win32_1.1.0.202410251130/tools/bin/../lib/gcc/arm-none-eabi/12.3.1/../../../../arm-none-eabi/lib/thumb/v7e-m+fp/hard\libc_nano.a(libc_a-sprintf.o)
 .ARM.attributes
                0x000004ef       0x34 C:/ST/STM32CubeIDE_1.17.0/STM32CubeIDE/plugins/com.st.stm32cube.ide.mcu.externaltools.gnu-tools-for-stm32.12.3.rel1.win32_1.1.0.202410251130/tools/bin/../lib/gcc/arm-none-eabi/12.3.1/../../../../arm-none-eabi/lib/thumb/v7e-m+fp/hard\libc_nano.a(libc_a-vsnprintf.o)
 .ARM.attributes
                0x00000523       0x34 C:/ST/STM32CubeIDE_1.17.0/STM32CubeIDE/plugins/com.st.stm32cube.ide.mcu.externaltools.gnu-tools-for-stm32.12.3.rel1.win32_1.1.0.202410251130/tools/bin/../lib/gcc/arm-none-eabi/12.3.1/../../../../arm-none-eabi/lib/thumb/v7e-m+fp/hard\libc_nano.a(libc_a-memset.o)
 .ARM.attributes
                0x00000557       0x34 C:/ST/STM32CubeIDE_1.17.0/STM32CubeIDE/plugins/com.st.stm32cube.ide.mcu.externaltools.gnu-tools-for-stm32.12.3.rel1.win32_1.1.0.202410251130/tools/bin/../lib/gcc/arm-none-eabi/12.3.1/../../../../arm-none-eabi/lib/thumb/v7e-m+fp/hard\libc_nano.a(libc_a-reent.o)
 .ARM.attributes
                0x0000058b       0x34 C:/ST/STM32CubeIDE_1.17.0/STM32CubeIDE/plugins/com.st.stm32cube.ide.mcu.externaltools.gnu-tools-for-stm32.12.3.rel1.win32_1.1.0.202410251130/tools/bin/../lib/gcc/arm-none-eabi/12.3.1/../../../../arm-none-eabi/lib/thumb/v7e-m+fp/hard\libc_nano.a(libc_a-impure.o)
 .ARM.attributes
                0x000005bf       0x34 C:/ST/STM32CubeIDE_1.17.0/STM32CubeIDE/plugins/com.st.stm32cube.ide.mcu.externaltools.gnu-tools-for-stm32.12.3.rel1.win32_1.1.0.202410251130/tools/bin/../lib/gcc/arm-none-eabi/12.3.1/../../../../arm-none-eabi/lib/thumb/v7e-m+fp/hard\libc_nano.a(libc_a-errno.o)
 .ARM.attributes
                0x000005f3       0x34 C:/ST/STM32CubeIDE_1.17.0/STM32CubeIDE/plugins/com.st.stm32cube.ide.mcu.externaltools.gnu-tools-for-stm32.12.3.rel1.win32_1.1.0.202410251130/tools/bin/../lib/gcc/arm-none-eabi/12.3.1/../../../../arm-none-eabi/lib/thumb/v7e-m+fp/hard\libc_nano.a(libc_a-init.o)
 .ARM.attributes
                0x00000627       0x34 C:/ST/STM32CubeIDE_1.17.0/STM32CubeIDE/plugins/com.st.stm32cube.ide.mcu.externaltools.gnu-tools-for-stm32.12.3.rel1.win32_1.1.0.202410251130/tools/bin/../lib/gcc/arm-none-eabi/12.3.1/../../../../arm-none-eabi/lib/thumb/v7e-m+fp/hard\libc_nano.a(libc_a-lock.o)
 .ARM.attributes
                0x0000065b       0x34 C:/ST/STM32CubeIDE_1.17.0/STM32CubeIDE/plugins/com.st.stm32cube.ide.mcu.externaltools.gnu-tools-for-stm32.12.3.rel1.win32_1.1.0.202410251130/tools/bin/../lib/gcc/arm-none-eabi/12.3.1/../../../../arm-none-eabi/lib/thumb/v7e-m+fp/hard\libc_nano.a(libc_a-strcpy.o)
 .ARM.attributes
                0x0000068f       0x34 C:/ST/STM32CubeIDE_1.17.0/STM32CubeIDE/plugins/com.st.stm32cube.ide.mcu.externaltools.gnu-tools-for-stm32.12.3.rel1.win32_1.1.0.202410251130/tools/bin/../lib/gcc/arm-none-eabi/12.3.1/../../../../arm-none-eabi/lib/thumb/v7e-m+fp/hard\libc_nano.a(libc_a-memcpy-stub.o)
 .ARM.attributes
                0x000006c3       0x34 C:/ST/STM32CubeIDE_1.17.0/STM32CubeIDE/plugins/com.st.stm32cube.ide.mcu.externaltools.gnu-tools-for-stm32.12.3.rel1.win32_1.1.0.202410251130/tools/bin/../lib/gcc/arm-none-eabi/12.3.1/../../../../arm-none-eabi/lib/thumb/v7e-m+fp/hard\libc_nano.a(libc_a-freer.o)
 .ARM.attributes
                0x000006f7       0x34 C:/ST/STM32CubeIDE_1.17.0/STM32CubeIDE/plugins/com.st.stm32cube.ide.mcu.externaltools.gnu-tools-for-stm32.12.3.rel1.win32_1.1.0.202410251130/tools/bin/../lib/gcc/arm-none-eabi/12.3.1/../../../../arm-none-eabi/lib/thumb/v7e-m+fp/hard\libc_nano.a(libc_a-mallocr.o)
 .ARM.attributes
                0x0000072b       0x34 C:/ST/STM32CubeIDE_1.17.0/STM32CubeIDE/plugins/com.st.stm32cube.ide.mcu.externaltools.gnu-tools-for-stm32.12.3.rel1.win32_1.1.0.202410251130/tools/bin/../lib/gcc/arm-none-eabi/12.3.1/../../../../arm-none-eabi/lib/thumb/v7e-m+fp/hard\libc_nano.a(libc_a-mlock.o)
 .ARM.attributes
                0x0000075f       0x34 C:/ST/STM32CubeIDE_1.17.0/STM32CubeIDE/plugins/com.st.stm32cube.ide.mcu.externaltools.gnu-tools-for-stm32.12.3.rel1.win32_1.1.0.202410251130/tools/bin/../lib/gcc/arm-none-eabi/12.3.1/../../../../arm-none-eabi/lib/thumb/v7e-m+fp/hard\libc_nano.a(libc_a-nano-svfprintf.o)
 .ARM.attributes
                0x00000793       0x34 C:/ST/STM32CubeIDE_1.17.0/STM32CubeIDE/plugins/com.st.stm32cube.ide.mcu.externaltools.gnu-tools-for-stm32.12.3.rel1.win32_1.1.0.202410251130/tools/bin/../lib/gcc/arm-none-eabi/12.3.1/../../../../arm-none-eabi/lib/thumb/v7e-m+fp/hard\libc_nano.a(libc_a-nano-vfprintf_i.o)
 .ARM.attributes
                0x000007c7       0x34 C:/ST/STM32CubeIDE_1.17.0/STM32CubeIDE/plugins/com.st.stm32cube.ide.mcu.externaltools.gnu-tools-for-stm32.12.3.rel1.win32_1.1.0.202410251130/tools/bin/../lib/gcc/arm-none-eabi/12.3.1/../../../../arm-none-eabi/lib/thumb/v7e-m+fp/hard\libc_nano.a(libc_a-memmove.o)
 .ARM.attributes
                0x000007fb       0x34 C:/ST/STM32CubeIDE_1.17.0/STM32CubeIDE/plugins/com.st.stm32cube.ide.mcu.externaltools.gnu-tools-for-stm32.12.3.rel1.win32_1.1.0.202410251130/tools/bin/../lib/gcc/arm-none-eabi/12.3.1/../../../../arm-none-eabi/lib/thumb/v7e-m+fp/hard\libc_nano.a(libc_a-sbrkr.o)
 .ARM.attributes
                0x0000082f       0x1c C:/ST/STM32CubeIDE_1.17.0/STM32CubeIDE/plugins/com.st.stm32cube.ide.mcu.externaltools.gnu-tools-for-stm32.12.3.rel1.win32_1.1.0.202410251130/tools/bin/../lib/gcc/arm-none-eabi/12.3.1/../../../../arm-none-eabi/lib/thumb/v7e-m+fp/hard\libc_nano.a(libc_a-memchr.o)
 .ARM.attributes
                0x0000084b       0x34 C:/ST/STM32CubeIDE_1.17.0/STM32CubeIDE/plugins/com.st.stm32cube.ide.mcu.externaltools.gnu-tools-for-stm32.12.3.rel1.win32_1.1.0.202410251130/tools/bin/../lib/gcc/arm-none-eabi/12.3.1/../../../../arm-none-eabi/lib/thumb/v7e-m+fp/hard\libc_nano.a(libc_a-reallocr.o)
 .ARM.attributes
                0x0000087f       0x34 C:/ST/STM32CubeIDE_1.17.0/STM32CubeIDE/plugins/com.st.stm32cube.ide.mcu.externaltools.gnu-tools-for-stm32.12.3.rel1.win32_1.1.0.202410251130/tools/bin/../lib/gcc/arm-none-eabi/12.3.1/../../../../arm-none-eabi/lib/thumb/v7e-m+fp/hard\libc_nano.a(libc_a-msizer.o)
 .ARM.attributes
                0x000008b3       0x22 C:/ST/STM32CubeIDE_1.17.0/STM32CubeIDE/plugins/com.st.stm32cube.ide.mcu.externaltools.gnu-tools-for-stm32.12.3.rel1.win32_1.1.0.202410251130/tools/bin/../lib/gcc/arm-none-eabi/12.3.1/thumb/v7e-m+fp/hard\libgcc.a(_aeabi_uldivmod.o)
 .ARM.attributes
                0x000008d5       0x34 C:/ST/STM32CubeIDE_1.17.0/STM32CubeIDE/plugins/com.st.stm32cube.ide.mcu.externaltools.gnu-tools-for-stm32.12.3.rel1.win32_1.1.0.202410251130/tools/bin/../lib/gcc/arm-none-eabi/12.3.1/thumb/v7e-m+fp/hard\libgcc.a(_udivmoddi4.o)
 .ARM.attributes
                0x00000909       0x22 C:/ST/STM32CubeIDE_1.17.0/STM32CubeIDE/plugins/com.st.stm32cube.ide.mcu.externaltools.gnu-tools-for-stm32.12.3.rel1.win32_1.1.0.202410251130/tools/bin/../lib/gcc/arm-none-eabi/12.3.1/thumb/v7e-m+fp/hard\libgcc.a(_dvmd_tls.o)
 .ARM.attributes
                0x0000092b       0x22 C:/ST/STM32CubeIDE_1.17.0/STM32CubeIDE/plugins/com.st.stm32cube.ide.mcu.externaltools.gnu-tools-for-stm32.12.3.rel1.win32_1.1.0.202410251130/tools/bin/../lib/gcc/arm-none-eabi/12.3.1/thumb/v7e-m+fp/hard/crtn.o
OUTPUT(nucleo-l452re-vl53l0x.elf elf32-littlearm)
LOAD linker stubs
LOAD C:/ST/STM32CubeIDE_1.17.0/STM32CubeIDE/plugins/com.st.stm32cube.ide.mcu.externaltools.gnu-tools-for-stm32.12.3.rel1.win32_1.1.0.202410251130/tools/bin/../lib/gcc/arm-none-eabi/12.3.1/../../../../arm-none-eabi/lib/thumb/v7e-m+fp/hard\libc.a
LOAD C:/ST/STM32CubeIDE_1.17.0/STM32CubeIDE/plugins/com.st.stm32cube.ide.mcu.externaltools.gnu-tools-for-stm32.12.3.rel1.win32_1.1.0.202410251130/tools/bin/../lib/gcc/arm-none-eabi/12.3.1/../../../../arm-none-eabi/lib/thumb/v7e-m+fp/hard\libm.a
LOAD C:/ST/STM32CubeIDE_1.17.0/STM32CubeIDE/plugins/com.st.stm32cube.ide.mcu.externaltools.gnu-tools-for-stm32.12.3.rel1.win32_1.1.0.202410251130/tools/bin/../lib/gcc/arm-none-eabi/12.3.1/thumb/v7e-m+fp/hard\libgcc.a

.debug_info     0x00000000    0x17821
 .debug_info    0x00000000     0x1cd5 ./Core/Src/main.o
 .debug_info    0x00001cd5     0x100f ./Core/Src/stm32l4xx_hal_msp.o
 .debug_info    0x00002ce4      0x14c ./Core/Src/stm32l4xx_it.o
 .debug_info    0x00002e30      0x168 ./Core/Src/sysmem.o
 .debug_info    0x00002f98      0x5cd ./Core/Src/system_stm32l4xx.o
 .debug_info    0x00003565       0x30 ./Core/Startup/startup_stm32l452retx.o
 .debug_info    0x00003595      0xb89 ./Drivers/STM32L4xx_HAL_Driver/Src/stm32l4xx_hal.o
 .debug_info    0x0000411e      0xd39 ./Drivers/STM32L4xx_HAL_Driver/Src/stm32l4xx_hal_cortex.o
 .debug_info    0x00004e57      0x763 ./Drivers/STM32L4xx_HAL_Driver/Src/stm32l4xx_hal_gpio.o
 .debug_info    0x000055ba     0x20d2 ./Drivers/STM32L4xx_HAL_Driver/Src/stm32l4xx_hal_i2c.o
 .debug_info    0x0000768c      0x98d ./Drivers/STM32L4xx_HAL_Driver/Src/stm32l4xx_hal_i2c_ex.o
 .debug_info    0x00008019      0x93a ./Drivers/STM32L4xx_HAL_Driver/Src/stm32l4xx_hal_pwr.o
 .debug_info    0x00008953      0x920 ./Drivers/STM32L4xx_HAL_Driver/Src/stm32l4xx_hal_pwr_ex.o
 .debug_info    0x00009273      0xbd0 ./Drivers/STM32L4xx_HAL_Driver/Src/stm32l4xx_hal_rcc.o
 .debug_info    0x00009e43      0xf34 ./Drivers/STM32L4xx_HAL_Driver/Src/stm32l4xx_hal_rcc_ex.o
 .debug_info    0x0000ad77     0x3b85 ./Drivers/STM32L4xx_HAL_Driver/Src/stm32l4xx_hal_uart.o
 .debug_info    0x0000e8fc     0x3564 ./Drivers/VL53L0X/core/src/vl53l0x_api.o
 .debug_info    0x00011e60     0x1d54 ./Drivers/VL53L0X/core/src/vl53l0x_api_calibration.o
 .debug_info    0x00013bb4     0x2201 ./Drivers/VL53L0X/core/src/vl53l0x_api_core.o
 .debug_info    0x00015db5     0x121d ./Drivers/VL53L0X/platform/src/vl53l0x_platform.o
 .debug_info    0x00016fd2      0x84f ./Drivers/VL53L0X/platform/src/vl53l0x_platform_log.o

.debug_abbrev   0x00000000     0x2b1d
 .debug_abbrev  0x00000000      0x33b ./Core/Src/main.o
 .debug_abbrev  0x0000033b      0x1dd ./Core/Src/stm32l4xx_hal_msp.o
 .debug_abbrev  0x00000518       0xa0 ./Core/Src/stm32l4xx_it.o
 .debug_abbrev  0x000005b8       0xbc ./Core/Src/sysmem.o
 .debug_abbrev  0x00000674      0x11a ./Core/Src/system_stm32l4xx.o
 .debug_abbrev  0x0000078e       0x24 ./Core/Startup/startup_stm32l452retx.o
 .debug_abbrev  0x000007b2      0x242 ./Drivers/STM32L4xx_HAL_Driver/Src/stm32l4xx_hal.o
 .debug_abbrev  0x000009f4      0x31c ./Drivers/STM32L4xx_HAL_Driver/Src/stm32l4xx_hal_cortex.o
 .debug_abbrev  0x00000d10      0x1cb ./Drivers/STM32L4xx_HAL_Driver/Src/stm32l4xx_hal_gpio.o
 .debug_abbrev  0x00000edb      0x261 ./Drivers/STM32L4xx_HAL_Driver/Src/stm32l4xx_hal_i2c.o
 .debug_abbrev  0x0000113c      0x1c3 ./Drivers/STM32L4xx_HAL_Driver/Src/stm32l4xx_hal_i2c_ex.o
 .debug_abbrev  0x000012ff      0x1d4 ./Drivers/STM32L4xx_HAL_Driver/Src/stm32l4xx_hal_pwr.o
 .debug_abbrev  0x000014d3      0x1f9 ./Drivers/STM32L4xx_HAL_Driver/Src/stm32l4xx_hal_pwr_ex.o
 .debug_abbrev  0x000016cc      0x2cb ./Drivers/STM32L4xx_HAL_Driver/Src/stm32l4xx_hal_rcc.o
 .debug_abbrev  0x00001997      0x2a1 ./Drivers/STM32L4xx_HAL_Driver/Src/stm32l4xx_hal_rcc_ex.o
 .debug_abbrev  0x00001c38      0x2d0 ./Drivers/STM32L4xx_HAL_Driver/Src/stm32l4xx_hal_uart.o
 .debug_abbrev  0x00001f08      0x2ba ./Drivers/VL53L0X/core/src/vl53l0x_api.o
 .debug_abbrev  0x000021c2      0x298 ./Drivers/VL53L0X/core/src/vl53l0x_api_calibration.o
 .debug_abbrev  0x0000245a      0x2c3 ./Drivers/VL53L0X/core/src/vl53l0x_api_core.o
 .debug_abbrev  0x0000271d      0x245 ./Drivers/VL53L0X/platform/src/vl53l0x_platform.o
 .debug_abbrev  0x00002962      0x1bb ./Drivers/VL53L0X/platform/src/vl53l0x_platform_log.o

.debug_aranges  0x00000000     0x11e0
 .debug_aranges
                0x00000000       0x50 ./Core/Src/main.o
 .debug_aranges
                0x00000050       0x40 ./Core/Src/stm32l4xx_hal_msp.o
 .debug_aranges
                0x00000090       0x68 ./Core/Src/stm32l4xx_it.o
 .debug_aranges
                0x000000f8       0x20 ./Core/Src/sysmem.o
 .debug_aranges
                0x00000118       0x28 ./Core/Src/system_stm32l4xx.o
 .debug_aranges
                0x00000140       0x28 ./Core/Startup/startup_stm32l452retx.o
 .debug_aranges
                0x00000168      0x130 ./Drivers/STM32L4xx_HAL_Driver/Src/stm32l4xx_hal.o
 .debug_aranges
                0x00000298      0x128 ./Drivers/STM32L4xx_HAL_Driver/Src/stm32l4xx_hal_cortex.o
 .debug_aranges
                0x000003c0       0x58 ./Drivers/STM32L4xx_HAL_Driver/Src/stm32l4xx_hal_gpio.o
 .debug_aranges
                0x00000418      0x2a0 ./Drivers/STM32L4xx_HAL_Driver/Src/stm32l4xx_hal_i2c.o
 .debug_aranges
                0x000006b8       0x48 ./Drivers/STM32L4xx_HAL_Driver/Src/stm32l4xx_hal_i2c_ex.o
 .debug_aranges
                0x00000700       0x98 ./Drivers/STM32L4xx_HAL_Driver/Src/stm32l4xx_hal_pwr.o
 .debug_aranges
                0x00000798      0x128 ./Drivers/STM32L4xx_HAL_Driver/Src/stm32l4xx_hal_pwr_ex.o
 .debug_aranges
                0x000008c0       0x90 ./Drivers/STM32L4xx_HAL_Driver/Src/stm32l4xx_hal_rcc.o
 .debug_aranges
                0x00000950       0xf0 ./Drivers/STM32L4xx_HAL_Driver/Src/stm32l4xx_hal_rcc_ex.o
 .debug_aranges
                0x00000a40      0x228 ./Drivers/STM32L4xx_HAL_Driver/Src/stm32l4xx_hal_uart.o
 .debug_aranges
                0x00000c68      0x330 ./Drivers/VL53L0X/core/src/vl53l0x_api.o
 .debug_aranges
                0x00000f98       0xd0 ./Drivers/VL53L0X/core/src/vl53l0x_api_calibration.o
 .debug_aranges
                0x00001068       0xe0 ./Drivers/VL53L0X/core/src/vl53l0x_api_core.o
 .debug_aranges
                0x00001148       0x78 ./Drivers/VL53L0X/platform/src/vl53l0x_platform.o
 .debug_aranges
                0x000011c0       0x20 ./Drivers/VL53L0X/platform/src/vl53l0x_platform_log.o

.debug_rnglists
                0x00000000      0xdcb
 .debug_rnglists
                0x00000000       0x3b ./Core/Src/main.o
 .debug_rnglists
                0x0000003b       0x2d ./Core/Src/stm32l4xx_hal_msp.o
 .debug_rnglists
                0x00000068       0x49 ./Core/Src/stm32l4xx_it.o
 .debug_rnglists
                0x000000b1       0x13 ./Core/Src/sysmem.o
 .debug_rnglists
                0x000000c4       0x1a ./Core/Src/system_stm32l4xx.o
 .debug_rnglists
                0x000000de       0x19 ./Core/Startup/startup_stm32l452retx.o
 .debug_rnglists
                0x000000f7       0xdf ./Drivers/STM32L4xx_HAL_Driver/Src/stm32l4xx_hal.o
 .debug_rnglists
                0x000001d6       0xda ./Drivers/STM32L4xx_HAL_Driver/Src/stm32l4xx_hal_cortex.o
 .debug_rnglists
                0x000002b0       0x3f ./Drivers/STM32L4xx_HAL_Driver/Src/stm32l4xx_hal_gpio.o
 .debug_rnglists
                0x000002ef      0x228 ./Drivers/STM32L4xx_HAL_Driver/Src/stm32l4xx_hal_i2c.o
 .debug_rnglists
                0x00000517       0x35 ./Drivers/STM32L4xx_HAL_Driver/Src/stm32l4xx_hal_i2c_ex.o
 .debug_rnglists
                0x0000054c       0x6e ./Drivers/STM32L4xx_HAL_Driver/Src/stm32l4xx_hal_pwr.o
 .debug_rnglists
                0x000005ba       0xdf ./Drivers/STM32L4xx_HAL_Driver/Src/stm32l4xx_hal_pwr_ex.o
 .debug_rnglists
                0x00000699       0x6d ./Drivers/STM32L4xx_HAL_Driver/Src/stm32l4xx_hal_rcc.o
 .debug_rnglists
                0x00000706       0xba ./Drivers/STM32L4xx_HAL_Driver/Src/stm32l4xx_hal_rcc_ex.o
 .debug_rnglists
                0x000007c0      0x1db ./Drivers/STM32L4xx_HAL_Driver/Src/stm32l4xx_hal_uart.o
 .debug_rnglists
                0x0000099b      0x276 ./Drivers/VL53L0X/core/src/vl53l0x_api.o
 .debug_rnglists
                0x00000c11       0xa4 ./Drivers/VL53L0X/core/src/vl53l0x_api_calibration.o
 .debug_rnglists
                0x00000cb5       0xae ./Drivers/VL53L0X/core/src/vl53l0x_api_core.o
 .debug_rnglists
                0x00000d63       0x55 ./Drivers/VL53L0X/platform/src/vl53l0x_platform.o
 .debug_rnglists
                0x00000db8       0x13 ./Drivers/VL53L0X/platform/src/vl53l0x_platform_log.o

.debug_macro    0x00000000    0x23f64
 .debug_macro   0x00000000      0x360 ./Core/Src/main.o
 .debug_macro   0x00000360      0xab4 ./Core/Src/main.o
 .debug_macro   0x00000e14      0x1a7 ./Core/Src/main.o
 .debug_macro   0x00000fbb       0x2e ./Core/Src/main.o
 .debug_macro   0x00000fe9       0x28 ./Core/Src/main.o
 .debug_macro   0x00001011       0x22 ./Core/Src/main.o
 .debug_macro   0x00001033       0x8e ./Core/Src/main.o
 .debug_macro   0x000010c1       0x51 ./Core/Src/main.o
 .debug_macro   0x00001112      0x103 ./Core/Src/main.o
 .debug_macro   0x00001215       0x6a ./Core/Src/main.o
 .debug_macro   0x0000127f      0x1df ./Core/Src/main.o
 .debug_macro   0x0000145e       0x1c ./Core/Src/main.o
 .debug_macro   0x0000147a       0x22 ./Core/Src/main.o
 .debug_macro   0x0000149c       0xfb ./Core/Src/main.o
 .debug_macro   0x00001597     0x1011 ./Core/Src/main.o
 .debug_macro   0x000025a8      0x11f ./Core/Src/main.o
 .debug_macro   0x000026c7    0x16336 ./Core/Src/main.o
 .debug_macro   0x000189fd       0x6d ./Core/Src/main.o
 .debug_macro   0x00018a6a     0x38fb ./Core/Src/main.o
 .debug_macro   0x0001c365      0x189 ./Core/Src/main.o
 .debug_macro   0x0001c4ee       0x5c ./Core/Src/main.o
 .debug_macro   0x0001c54a     0x13fa ./Core/Src/main.o
 .debug_macro   0x0001d944      0x646 ./Core/Src/main.o
 .debug_macro   0x0001df8a      0x1b9 ./Core/Src/main.o
 .debug_macro   0x0001e143      0x168 ./Core/Src/main.o
 .debug_macro   0x0001e2ab      0x26b ./Core/Src/main.o
 .debug_macro   0x0001e516      0x23d ./Core/Src/main.o
 .debug_macro   0x0001e753      0x241 ./Core/Src/main.o
 .debug_macro   0x0001e994      0x375 ./Core/Src/main.o
 .debug_macro   0x0001ed09       0xd6 ./Core/Src/main.o
 .debug_macro   0x0001eddf      0x22c ./Core/Src/main.o
 .debug_macro   0x0001f00b       0x61 ./Core/Src/main.o
 .debug_macro   0x0001f06c       0xa5 ./Core/Src/main.o
 .debug_macro   0x0001f111      0x122 ./Core/Src/main.o
 .debug_macro   0x0001f233      0x364 ./Core/Src/main.o
 .debug_macro   0x0001f597      0x5cf ./Core/Src/main.o
 .debug_macro   0x0001fb66       0x44 ./Core/Src/main.o
 .debug_macro   0x0001fbaa      0x2eb ./Core/Src/main.o
 .debug_macro   0x0001fe95       0x70 ./Core/Src/main.o
 .debug_macro   0x0001ff05       0x61 ./Core/Src/main.o
 .debug_macro   0x0001ff66       0x2a ./Core/Src/main.o
 .debug_macro   0x0001ff90       0x43 ./Core/Src/main.o
 .debug_macro   0x0001ffd3       0x34 ./Core/Src/main.o
 .debug_macro   0x00020007       0x16 ./Core/Src/main.o
 .debug_macro   0x0002001d       0x35 ./Core/Src/main.o
 .debug_macro   0x00020052      0x369 ./Core/Src/main.o
 .debug_macro   0x000203bb       0x10 ./Core/Src/main.o
 .debug_macro   0x000203cb       0x16 ./Core/Src/main.o
 .debug_macro   0x000203e1       0x43 ./Core/Src/main.o
 .debug_macro   0x00020424       0x34 ./Core/Src/main.o
 .debug_macro   0x00020458       0x10 ./Core/Src/main.o
 .debug_macro   0x00020468       0x58 ./Core/Src/main.o
 .debug_macro   0x000204c0       0x8e ./Core/Src/main.o
 .debug_macro   0x0002054e       0x1c ./Core/Src/main.o
 .debug_macro   0x0002056a      0x177 ./Core/Src/main.o
 .debug_macro   0x000206e1       0x16 ./Core/Src/main.o
 .debug_macro   0x000206f7       0x16 ./Core/Src/main.o
 .debug_macro   0x0002070d      0x146 ./Core/Src/main.o
 .debug_macro   0x00020853       0x10 ./Core/Src/main.o
 .debug_macro   0x00020863       0x76 ./Core/Src/main.o
 .debug_macro   0x000208d9      0x29c ./Core/Src/main.o
 .debug_macro   0x00020b75      0x203 ./Core/Src/main.o
 .debug_macro   0x00020d78       0x16 ./Core/Src/main.o
 .debug_macro   0x00020d8e       0x20 ./Core/Src/main.o
 .debug_macro   0x00020dae       0x34 ./Core/Src/main.o
 .debug_macro   0x00020de2       0x17 ./Core/Src/main.o
 .debug_macro   0x00020df9      0x1a1 ./Core/Src/main.o
 .debug_macro   0x00020f9a       0x22 ./Core/Src/main.o
 .debug_macro   0x00020fbc      0x1d4 ./Core/Src/stm32l4xx_hal_msp.o
 .debug_macro   0x00021190      0x1de ./Core/Src/stm32l4xx_it.o
 .debug_macro   0x0002136e       0xff ./Core/Src/sysmem.o
 .debug_macro   0x0002146d      0x23c ./Core/Src/sysmem.o
 .debug_macro   0x000216a9      0x1c5 ./Core/Src/system_stm32l4xx.o
 .debug_macro   0x0002186e      0x213 ./Drivers/STM32L4xx_HAL_Driver/Src/stm32l4xx_hal.o
 .debug_macro   0x00021a81      0x1c5 ./Drivers/STM32L4xx_HAL_Driver/Src/stm32l4xx_hal_cortex.o
 .debug_macro   0x00021c46      0x1cc ./Drivers/STM32L4xx_HAL_Driver/Src/stm32l4xx_hal_gpio.o
 .debug_macro   0x00021e12      0x291 ./Drivers/STM32L4xx_HAL_Driver/Src/stm32l4xx_hal_i2c.o
 .debug_macro   0x000220a3      0x1c5 ./Drivers/STM32L4xx_HAL_Driver/Src/stm32l4xx_hal_i2c_ex.o
 .debug_macro   0x00022268      0x1dd ./Drivers/STM32L4xx_HAL_Driver/Src/stm32l4xx_hal_pwr.o
 .debug_macro   0x00022445      0x1e9 ./Drivers/STM32L4xx_HAL_Driver/Src/stm32l4xx_hal_pwr_ex.o
 .debug_macro   0x0002262e      0x207 ./Drivers/STM32L4xx_HAL_Driver/Src/stm32l4xx_hal_rcc.o
 .debug_macro   0x00022835      0x1fb ./Drivers/STM32L4xx_HAL_Driver/Src/stm32l4xx_hal_rcc_ex.o
 .debug_macro   0x00022a30      0x1f0 ./Drivers/STM32L4xx_HAL_Driver/Src/stm32l4xx_hal_uart.o
 .debug_macro   0x00022c20      0x3aa ./Drivers/VL53L0X/core/src/vl53l0x_api.o
 .debug_macro   0x00022fca      0x3a4 ./Drivers/VL53L0X/core/src/vl53l0x_api_calibration.o
 .debug_macro   0x0002336e      0x392 ./Drivers/VL53L0X/core/src/vl53l0x_api_core.o
 .debug_macro   0x00023700      0x356 ./Drivers/VL53L0X/platform/src/vl53l0x_platform.o
 .debug_macro   0x00023a56      0x319 ./Drivers/VL53L0X/platform/src/vl53l0x_platform_log.o
 .debug_macro   0x00023d6f       0x9e ./Drivers/VL53L0X/platform/src/vl53l0x_platform_log.o
 .debug_macro   0x00023e0d      0x10b ./Drivers/VL53L0X/platform/src/vl53l0x_platform_log.o
 .debug_macro   0x00023f18       0x4c ./Drivers/VL53L0X/platform/src/vl53l0x_platform_log.o

.debug_line     0x00000000    0x160d3
 .debug_line    0x00000000      0xbb4 ./Core/Src/main.o
 .debug_line    0x00000bb4      0x808 ./Core/Src/stm32l4xx_hal_msp.o
 .debug_line    0x000013bc      0x823 ./Core/Src/stm32l4xx_it.o
 .debug_line    0x00001bdf      0x579 ./Core/Src/sysmem.o
 .debug_line    0x00002158      0x7e2 ./Core/Src/system_stm32l4xx.o
 .debug_line    0x0000293a       0x7a ./Core/Startup/startup_stm32l452retx.o
 .debug_line    0x000029b4      0xb3e ./Drivers/STM32L4xx_HAL_Driver/Src/stm32l4xx_hal.o
 .debug_line    0x000034f2      0xd06 ./Drivers/STM32L4xx_HAL_Driver/Src/stm32l4xx_hal_cortex.o
 .debug_line    0x000041f8      0xb75 ./Drivers/STM32L4xx_HAL_Driver/Src/stm32l4xx_hal_gpio.o
 .debug_line    0x00004d6d     0x3a70 ./Drivers/STM32L4xx_HAL_Driver/Src/stm32l4xx_hal_i2c.o
 .debug_line    0x000087dd      0x965 ./Drivers/STM32L4xx_HAL_Driver/Src/stm32l4xx_hal_i2c_ex.o
 .debug_line    0x00009142      0x914 ./Drivers/STM32L4xx_HAL_Driver/Src/stm32l4xx_hal_pwr.o
 .debug_line    0x00009a56      0xc4a ./Drivers/STM32L4xx_HAL_Driver/Src/stm32l4xx_hal_pwr_ex.o
 .debug_line    0x0000a6a0      0xff4 ./Drivers/STM32L4xx_HAL_Driver/Src/stm32l4xx_hal_rcc.o
 .debug_line    0x0000b694     0x145a ./Drivers/STM32L4xx_HAL_Driver/Src/stm32l4xx_hal_rcc_ex.o
 .debug_line    0x0000caee     0x322b ./Drivers/STM32L4xx_HAL_Driver/Src/stm32l4xx_hal_uart.o
 .debug_line    0x0000fd19     0x1fa7 ./Drivers/VL53L0X/core/src/vl53l0x_api.o
 .debug_line    0x00011cc0     0x13a3 ./Drivers/VL53L0X/core/src/vl53l0x_api_calibration.o
 .debug_line    0x00013063     0x1a86 ./Drivers/VL53L0X/core/src/vl53l0x_api_core.o
 .debug_line    0x00014ae9      0xc1b ./Drivers/VL53L0X/platform/src/vl53l0x_platform.o
 .debug_line    0x00015704      0x9cf ./Drivers/VL53L0X/platform/src/vl53l0x_platform_log.o

.debug_str      0x00000000    0xd70b6
 .debug_str     0x00000000    0xd07fb ./Core/Src/main.o
                              0xd0df0 (size before relaxing)
 .debug_str     0x000d07fb      0x27f ./Core/Src/stm32l4xx_hal_msp.o
                              0xc92fc (size before relaxing)
 .debug_str     0x000d0a7a       0xf7 ./Core/Src/stm32l4xx_it.o
                              0xc8885 (size before relaxing)
 .debug_str     0x000d0b71      0x4dc ./Core/Src/sysmem.o
                               0x60bf (size before relaxing)
 .debug_str     0x000d104d       0xf2 ./Core/Src/system_stm32l4xx.o
                              0xc8848 (size before relaxing)
 .debug_str     0x000d113f       0x44 ./Core/Startup/startup_stm32l452retx.o
                                 0x72 (size before relaxing)
 .debug_str     0x000d1183      0x677 ./Drivers/STM32L4xx_HAL_Driver/Src/stm32l4xx_hal.o
                              0xc9388 (size before relaxing)
 .debug_str     0x000d17fa      0x35f ./Drivers/STM32L4xx_HAL_Driver/Src/stm32l4xx_hal_cortex.o
                              0xc9018 (size before relaxing)
 .debug_str     0x000d1b59       0xd7 ./Drivers/STM32L4xx_HAL_Driver/Src/stm32l4xx_hal_gpio.o
                              0xc89bc (size before relaxing)
 .debug_str     0x000d1c30      0xdf3 ./Drivers/STM32L4xx_HAL_Driver/Src/stm32l4xx_hal_i2c.o
                              0xc9a3f (size before relaxing)
 .debug_str     0x000d2a23       0xb8 ./Drivers/STM32L4xx_HAL_Driver/Src/stm32l4xx_hal_i2c_ex.o
                              0xc8d55 (size before relaxing)
 .debug_str     0x000d2adb      0x31b ./Drivers/STM32L4xx_HAL_Driver/Src/stm32l4xx_hal_pwr.o
                              0xc8b92 (size before relaxing)
 .debug_str     0x000d2df6      0x369 ./Drivers/STM32L4xx_HAL_Driver/Src/stm32l4xx_hal_pwr_ex.o
                              0xc8ce9 (size before relaxing)
 .debug_str     0x000d315f      0x33a ./Drivers/STM32L4xx_HAL_Driver/Src/stm32l4xx_hal_rcc.o
                              0xc8e48 (size before relaxing)
 .debug_str     0x000d3499      0x505 ./Drivers/STM32L4xx_HAL_Driver/Src/stm32l4xx_hal_rcc_ex.o
                              0xc910c (size before relaxing)
 .debug_str     0x000d399e      0x8bb ./Drivers/STM32L4xx_HAL_Driver/Src/stm32l4xx_hal_uart.o
                              0xc95a0 (size before relaxing)
 .debug_str     0x000d4259     0x18a6 ./Drivers/VL53L0X/core/src/vl53l0x_api.o
                              0xd1ab7 (size before relaxing)
 .debug_str     0x000d5aff      0x679 ./Drivers/VL53L0X/core/src/vl53l0x_api_calibration.o
                              0xd0b8f (size before relaxing)
 .debug_str     0x000d6178      0xbe1 ./Drivers/VL53L0X/core/src/vl53l0x_api_core.o
                              0xd1161 (size before relaxing)
 .debug_str     0x000d6d59      0x10c ./Drivers/VL53L0X/platform/src/vl53l0x_platform.o
                              0xd0029 (size before relaxing)
 .debug_str     0x000d6e65      0x251 ./Drivers/VL53L0X/platform/src/vl53l0x_platform_log.o
                              0xcef64 (size before relaxing)

.comment        0x00000000       0x43
 .comment       0x00000000       0x43 ./Core/Src/main.o
                                 0x44 (size before relaxing)
 .comment       0x00000043       0x44 ./Core/Src/stm32l4xx_hal_msp.o
 .comment       0x00000043       0x44 ./Core/Src/stm32l4xx_it.o
 .comment       0x00000043       0x44 ./Core/Src/sysmem.o
 .comment       0x00000043       0x44 ./Core/Src/system_stm32l4xx.o
 .comment       0x00000043       0x44 ./Drivers/STM32L4xx_HAL_Driver/Src/stm32l4xx_hal.o
 .comment       0x00000043       0x44 ./Drivers/STM32L4xx_HAL_Driver/Src/stm32l4xx_hal_cortex.o
 .comment       0x00000043       0x44 ./Drivers/STM32L4xx_HAL_Driver/Src/stm32l4xx_hal_gpio.o
 .comment       0x00000043       0x44 ./Drivers/STM32L4xx_HAL_Driver/Src/stm32l4xx_hal_i2c.o
 .comment       0x00000043       0x44 ./Drivers/STM32L4xx_HAL_Driver/Src/stm32l4xx_hal_i2c_ex.o
 .comment       0x00000043       0x44 ./Drivers/STM32L4xx_HAL_Driver/Src/stm32l4xx_hal_pwr.o
 .comment       0x00000043       0x44 ./Drivers/STM32L4xx_HAL_Driver/Src/stm32l4xx_hal_pwr_ex.o
 .comment       0x00000043       0x44 ./Drivers/STM32L4xx_HAL_Driver/Src/stm32l4xx_hal_rcc.o
 .comment       0x00000043       0x44 ./Drivers/STM32L4xx_HAL_Driver/Src/stm32l4xx_hal_rcc_ex.o
 .comment       0x00000043       0x44 ./Drivers/STM32L4xx_HAL_Driver/Src/stm32l4xx_hal_uart.o
 .comment       0x00000043       0x44 ./Drivers/VL53L0X/core/src/vl53l0x_api.o